Component: Arm Compiler for Embedded 6.21 Tool: armlink [5ec1fa00]

==============================================================================

Section Cross References

    board.o(.text.initClk) refers to fpu.o(i.FPUEnable) for FPUEnable
    board.o(.text.initClk) refers to fpu.o(i.FPULazyStackingEnable) for FPULazyStackingEnable
    board.o(.text.initClk) refers to sysctl.o(i.SysCtlClockSet) for SysCtlClockSet
    board.o(.ARM.exidx.text.initClk) refers to board.o(.text.initClk) for [Anonymous Symbol]
    board.o(.ARM.exidx.text.stopWDT) refers to board.o(.text.stopWDT) for [Anonymous Symbol]
    board.o(.text.registerInterruptHandler) refers to board.o(.bss.pIrqEventHandler) for pIrqEventHandler
    board.o(.ARM.exidx.text.registerInterruptHandler) refers to board.o(.text.registerInterruptHandler) for [Anonymous Symbol]
    board.o(.text.CC3100_disable) refers to gpio.o(i.GPIOPinWrite) for GPIOPinWrite
    board.o(.ARM.exidx.text.CC3100_disable) refers to board.o(.text.CC3100_disable) for [Anonymous Symbol]
    board.o(.text.CC3100_enable) refers to gpio.o(i.GPIOPinWrite) for GPIOPinWrite
    board.o(.ARM.exidx.text.CC3100_enable) refers to board.o(.text.CC3100_enable) for [Anonymous Symbol]
    board.o(.text.CC3100_InterruptEnable) refers to gpio.o(i.GPIOIntEnable) for GPIOIntEnable
    board.o(.ARM.exidx.text.CC3100_InterruptEnable) refers to board.o(.text.CC3100_InterruptEnable) for [Anonymous Symbol]
    board.o(.text.CC3100_InterruptDisable) refers to gpio.o(i.GPIOIntDisable) for GPIOIntDisable
    board.o(.ARM.exidx.text.CC3100_InterruptDisable) refers to board.o(.text.CC3100_InterruptDisable) for [Anonymous Symbol]
    board.o(.text.MaskIntHdlr) refers to board.o(.bss.IntIsMasked) for IntIsMasked
    board.o(.ARM.exidx.text.MaskIntHdlr) refers to board.o(.text.MaskIntHdlr) for [Anonymous Symbol]
    board.o(.text.UnMaskIntHdlr) refers to board.o(.bss.IntIsMasked) for IntIsMasked
    board.o(.ARM.exidx.text.UnMaskIntHdlr) refers to board.o(.text.UnMaskIntHdlr) for [Anonymous Symbol]
    board.o(.text.Delay) refers to sysctl.o(i.SysCtlClockGet) for SysCtlClockGet
    board.o(.text.Delay) refers to sysctl.o(.emb_text) for SysCtlDelay
    board.o(.ARM.exidx.text.Delay) refers to board.o(.text.Delay) for [Anonymous Symbol]
    board.o(.text.GPIOB_intHandler) refers to gpio.o(i.GPIOIntStatus) for GPIOIntStatus
    board.o(.text.GPIOB_intHandler) refers to gpio.o(i.GPIOIntClear) for GPIOIntClear
    board.o(.text.GPIOB_intHandler) refers to board.o(.bss.pIrqEventHandler) for pIrqEventHandler
    board.o(.ARM.exidx.text.GPIOB_intHandler) refers to board.o(.text.GPIOB_intHandler) for [Anonymous Symbol]
    board.o(.text.UART1_intHandler) refers to uart.o(.text.UARTIntStatus) for UARTIntStatus
    board.o(.text.UART1_intHandler) refers to uart.o(.text.UARTIntClear) for UARTIntClear
    board.o(.ARM.exidx.text.UART1_intHandler) refers to board.o(.text.UART1_intHandler) for [Anonymous Symbol]
    led.o(.ARM.exidx.text.LED_Init) refers to led.o(.text.LED_Init) for [Anonymous Symbol]
    led.o(.ARM.exidx.text.Board_Input) refers to led.o(.text.Board_Input) for [Anonymous Symbol]
    led.o(.ARM.exidx.text.LED_RedOn) refers to led.o(.text.LED_RedOn) for [Anonymous Symbol]
    led.o(.ARM.exidx.text.LED_RedOff) refers to led.o(.text.LED_RedOff) for [Anonymous Symbol]
    led.o(.ARM.exidx.text.LED_RedToggle) refers to led.o(.text.LED_RedToggle) for [Anonymous Symbol]
    led.o(.ARM.exidx.text.LED_BlueToggle) refers to led.o(.text.LED_BlueToggle) for [Anonymous Symbol]
    led.o(.ARM.exidx.text.LED_GreenToggle) refers to led.o(.text.LED_GreenToggle) for [Anonymous Symbol]
    led.o(.ARM.exidx.text.LED_GreenOn) refers to led.o(.text.LED_GreenOn) for [Anonymous Symbol]
    led.o(.ARM.exidx.text.LED_GreenOff) refers to led.o(.text.LED_GreenOff) for [Anonymous Symbol]
    device.o(.text.sl_Task) refers to nonos.o(.text._SlNonOsMainLoopTask) for _SlNonOsMainLoopTask
    device.o(.ARM.exidx.text.sl_Task) refers to device.o(.text.sl_Task) for [Anonymous Symbol]
    device.o(.ARM.exidx.text.GetStartResponseConvert) refers to device.o(.text.GetStartResponseConvert) for [Anonymous Symbol]
    device.o(.text.sl_Start) refers to driver.o(.text._SlDrvDriverCBInit) for _SlDrvDriverCBInit
    device.o(.text.sl_Start) refers to spi.o(.text.spi_Open) for spi_Open
    device.o(.text.sl_Start) refers to driver.o(.text._SlDrvWaitForPoolObj) for _SlDrvWaitForPoolObj
    device.o(.text.sl_Start) refers to nonos.o(.text._SlNonOsSemGet) for _SlNonOsSemGet
    device.o(.text.sl_Start) refers to device.o(.text.OUTLINED_FUNCTION_2) for OUTLINED_FUNCTION_2
    device.o(.text.sl_Start) refers to board.o(.text.CC3100_disable) for CC3100_disable
    device.o(.text.sl_Start) refers to board.o(.text.registerInterruptHandler) for registerInterruptHandler
    device.o(.text.sl_Start) refers to board.o(.text.CC3100_enable) for CC3100_enable
[...]
    .text                                    0x00000312   Section        0  strstr.o(.text)
    .text                                    0x00000336   Section        0  strlen.o(.text)
    .text                                    0x00000344   Section       48  init.o(.text)
    [Anonymous Symbol]                       0x00000374   Section        0  led.o(.text.Board_Input)
    __arm_cp.1_0                             0x00000388   Number         4  led.o(.text.Board_Input)
    [Anonymous Symbol]                       0x0000038c   Section        0  board.o(.text.CC3100_InterruptDisable)
    [Anonymous Symbol]                       0x00000394   Section        0  board.o(.text.CC3100_InterruptEnable)
    [Anonymous Symbol]                       0x0000039c   Section        0  board.o(.text.CC3100_disable)
    [Anonymous Symbol]                       0x000003a8   Section        0  board.o(.text.CC3100_enable)
    __arm_cp.4_0                             0x000003b4   Number         4  board.o(.text.CC3100_enable)
    [Anonymous Symbol]                       0x000003b8   Section        0  st7735main.o(.text.Crash)
    [Anonymous Symbol]                       0x000003be   Section        0  st7735.o(.text.Delay1ms)
    [Anonymous Symbol]                       0x000003dc   Section        0  board.o(.text.GPIOB_intHandler)
    __arm_cp.10_0                            0x00000408   Number         4  board.o(.text.GPIOB_intHandler)
    __arm_cp.10_1                            0x0000040c   Number         4  board.o(.text.GPIOB_intHandler)
    [Anonymous Symbol]                       0x00000410   Section        0  device.o(.text.GetStartResponseConvert)
    [Anonymous Symbol]                       0x00000454   Section        0  led.o(.text.LED_GreenOff)
    [Anonymous Symbol]                       0x0000045c   Section        0  led.o(.text.LED_GreenOn)
    __arm_cp.7_0                             0x00000464   Number         4  led.o(.text.LED_GreenOn)
    [Anonymous Symbol]                       0x00000468   Section        0  led.o(.text.LED_Init)
    __arm_cp.0_0                             0x000004a4   Number         4  led.o(.text.LED_Init)
    __arm_cp.0_1                             0x000004a8   Number         4  led.o(.text.LED_Init)
    __arm_cp.0_2                             0x000004ac   Number         4  led.o(.text.LED_Init)
    __arm_cp.0_3                             0x000004b0   Number         4  led.o(.text.LED_Init)
    [Anonymous Symbol]                       0x000004b4   Section        0  led.o(.text.LED_RedToggle)
    __arm_cp.4_0                             0x000004c0   Number         4  led.o(.text.LED_RedToggle)
    OUTLINED_FUNCTION_0                      0x000004c5   Thumb Code    40  device.o(.text.OUTLINED_FUNCTION_0)
    [Anonymous Symbol]                       0x000004c4   Section        0  device.o(.text.OUTLINED_FUNCTION_0)
    OUTLINED_FUNCTION_0                      0x000004ed   Thumb Code     6  driver.o(.text.OUTLINED_FUNCTION_0)
    [Anonymous Symbol]                       0x000004ec   Section        0  driver.o(.text.OUTLINED_FUNCTION_0)
    OUTLINED_FUNCTION_0                      0x000004f3   Thumb Code    20  netapp.o(.text.OUTLINED_FUNCTION_0)
    [Anonymous Symbol]                       0x000004f2   Section        0  netapp.o(.text.OUTLINED_FUNCTION_0)
    OUTLINED_FUNCTION_0                      0x00000507   Thumb Code    14  socket.o(.text.OUTLINED_FUNCTION_0)
    [Anonymous Symbol]                       0x00000506   Section        0  socket.o(.text.OUTLINED_FUNCTION_0)
    OUTLINED_FUNCTION_0                      0x00000515   Thumb Code     8  spi.o(.text.OUTLINED_FUNCTION_0)
    [Anonymous Symbol]                       0x00000514   Section        0  spi.o(.text.OUTLINED_FUNCTION_0)
    OUTLINED_FUNCTION_0                      0x0000051d   Thumb Code     6  wlan.o(.text.OUTLINED_FUNCTION_0)
    [Anonymous Symbol]                       0x0000051c   Section        0  wlan.o(.text.OUTLINED_FUNCTION_0)
    OUTLINED_FUNCTION_0                      0x00000523   Thumb Code    14  uartstdio.o(.text.OUTLINED_FUNCTION_0)
    [Anonymous Symbol]                       0x00000522   Section        0  uartstdio.o(.text.OUTLINED_FUNCTION_0)
    OUTLINED_FUNCTION_1                      0x00000531   Thumb Code    16  device.o(.text.OUTLINED_FUNCTION_1)
    [Anonymous Symbol]                       0x00000530   Section        0  device.o(.text.OUTLINED_FUNCTION_1)
    OUTLINED_FUNCTION_1                      0x00000541   Thumb Code    28  driver.o(.text.OUTLINED_FUNCTION_1)
    [Anonymous Symbol]                       0x00000540   Section        0  driver.o(.text.OUTLINED_FUNCTION_1)
    OUTLINED_FUNCTION_1                      0x0000055d   Thumb Code    14  netapp.o(.text.OUTLINED_FUNCTION_1)
    [Anonymous Symbol]                       0x0000055c   Section        0  netapp.o(.text.OUTLINED_FUNCTION_1)
    OUTLINED_FUNCTION_1                      0x0000056b   Thumb Code    22  socket.o(.text.OUTLINED_FUNCTION_1)
    [Anonymous Symbol]                       0x0000056a   Section        0  socket.o(.text.OUTLINED_FUNCTION_1)
    OUTLINED_FUNCTION_1                      0x00000581   Thumb Code    14  st7735.o(.text.OUTLINED_FUNCTION_1)
    [Anonymous Symbol]                       0x00000580   Section        0  st7735.o(.text.OUTLINED_FUNCTION_1)
    OUTLINED_FUNCTION_10                     0x0000058f   Thumb Code    14  driver.o(.text.OUTLINED_FUNCTION_10)
    [Anonymous Symbol]                       0x0000058e   Section        0  driver.o(.text.OUTLINED_FUNCTION_10)
    OUTLINED_FUNCTION_11                     0x0000059d   Thumb Code    12  driver.o(.text.OUTLINED_FUNCTION_11)
    [Anonymous Symbol]                       0x0000059c   Section        0  driver.o(.text.OUTLINED_FUNCTION_11)
    OUTLINED_FUNCTION_12                     0x000005a9   Thumb Code     6  driver.o(.text.OUTLINED_FUNCTION_12)
    [Anonymous Symbol]                       0x000005a8   Section        0  driver.o(.text.OUTLINED_FUNCTION_12)
    OUTLINED_FUNCTION_13                     0x000005af   Thumb Code    12  driver.o(.text.OUTLINED_FUNCTION_13)
    [Anonymous Symbol]                       0x000005ae   Section        0  driver.o(.text.OUTLINED_FUNCTION_13)
    OUTLINED_FUNCTION_14                     0x000005bb   Thumb Code     8  driver.o(.text.OUTLINED_FUNCTION_14)
    [Anonymous Symbol]                       0x000005ba   Section        0  driver.o(.text.OUTLINED_FUNCTION_14)
    OUTLINED_FUNCTION_15                     0x000005c3   Thumb Code    12  driver.o(.text.OUTLINED_FUNCTION_15)
    [Anonymous Symbol]                       0x000005c2   Section        0  driver.o(.text.OUTLINED_FUNCTION_15)
    OUTLINED_FUNCTION_16                     0x000005cf   Thumb Code    12  driver.o(.text.OUTLINED_FUNCTION_16)
    [Anonymous Symbol]                       0x000005ce   Section        0  driver.o(.text.OUTLINED_FUNCTION_16)
    OUTLINED_FUNCTION_17                     0x000005db   Thumb Code    10  driver.o(.text.OUTLINED_FUNCTION_17)
    [Anonymous Symbol]                       0x000005da   Section        0  driver.o(.text.OUTLINED_FUNCTION_17)
    OUTLINED_FUNCTION_18                     0x000005e5   Thumb Code    14  driver.o(.text.OUTLINED_FUNCTION_18)
    [Anonymous Symbol]                       0x000005e4   Section        0  driver.o(.text.OUTLINED_FUNCTION_18)
    OUTLINED_FUNCTION_19                     0x000005f3   Thumb Code    14  driver.o(.text.OUTLINED_FUNCTION_19)
    [Anonymous Symbol]                       0x000005f2   Section        0  driver.o(.text.OUTLINED_FUNCTION_19)
    OUTLINED_FUNCTION_2                      0x00000601   Thumb Code    16  device.o(.text.OUTLINED_FUNCTION_2)
    [Anonymous Symbol]                       0x00000600   Section        0  device.o(.text.OUTLINED_FUNCTION_2)
    OUTLINED_FUNCTION_2                      0x00000611   Thumb Code     8  driver.o(.text.OUTLINED_FUNCTION_2)
    [Anonymous Symbol]                       0x00000610   Section        0  driver.o(.text.OUTLINED_FUNCTION_2)
    OUTLINED_FUNCTION_2                      0x00000619   Thumb Code     6  socket.o(.text.OUTLINED_FUNCTION_2)
    [Anonymous Symbol]                       0x00000618   Section        0  socket.o(.text.OUTLINED_FUNCTION_2)
    OUTLINED_FUNCTION_3                      0x0000061f   Thumb Code    10  device.o(.text.OUTLINED_FUNCTION_3)
    [Anonymous Symbol]                       0x0000061e   Section        0  device.o(.text.OUTLINED_FUNCTION_3)
    OUTLINED_FUNCTION_3                      0x00000629   Thumb Code    12  driver.o(.text.OUTLINED_FUNCTION_3)
    [Anonymous Symbol]                       0x00000628   Section        0  driver.o(.text.OUTLINED_FUNCTION_3)
    OUTLINED_FUNCTION_3                      0x00000635   Thumb Code    10  socket.o(.text.OUTLINED_FUNCTION_3)
    [Anonymous Symbol]                       0x00000634   Section        0  socket.o(.text.OUTLINED_FUNCTION_3)
    OUTLINED_FUNCTION_4                      0x0000063f   Thumb Code    24  driver.o(.text.OUTLINED_FUNCTION_4)
    [Anonymous Symbol]                       0x0000063e   Section        0  driver.o(.text.OUTLINED_FUNCTION_4)
    OUTLINED_FUNCTION_4                      0x00000657   Thumb Code    10  socket.o(.text.OUTLINED_FUNCTION_4)
    [Anonymous Symbol]                       0x00000656   Section        0  socket.o(.text.OUTLINED_FUNCTION_4)
    OUTLINED_FUNCTION_4                      0x00000661   Thumb Code    10  st7735.o(.text.OUTLINED_FUNCTION_4)
    [Anonymous Symbol]                       0x00000660   Section        0  st7735.o(.text.OUTLINED_FUNCTION_4)
    OUTLINED_FUNCTION_5                      0x0000066b   Thumb Code    22  driver.o(.text.OUTLINED_FUNCTION_5)
    [Anonymous Symbol]                       0x0000066a   Section        0  driver.o(.text.OUTLINED_FUNCTION_5)
    OUTLINED_FUNCTION_6                      0x00000681   Thumb Code    22  driver.o(.text.OUTLINED_FUNCTION_6)
    [Anonymous Symbol]                       0x00000680   Section        0  driver.o(.text.OUTLINED_FUNCTION_6)
    OUTLINED_FUNCTION_7                      0x00000697   Thumb Code    16  driver.o(.text.OUTLINED_FUNCTION_7)
    [Anonymous Symbol]                       0x00000696   Section        0  driver.o(.text.OUTLINED_FUNCTION_7)
    OUTLINED_FUNCTION_8                      0x000006a7   Thumb Code    10  driver.o(.text.OUTLINED_FUNCTION_8)
    [Anonymous Symbol]                       0x000006a6   Section        0  driver.o(.text.OUTLINED_FUNCTION_8)
    OUTLINED_FUNCTION_9                      0x000006b1   Thumb Code    10  driver.o(.text.OUTLINED_FUNCTION_9)
    [Anonymous Symbol]                       0x000006b0   Section        0  driver.o(.text.OUTLINED_FUNCTION_9)
    [Anonymous Symbol]                       0x000006bc   Section        0  st7735.o(.text.ST7735_DrawBitmap)
    [Anonymous Symbol]                       0x000007a4   Section        0  st7735.o(.text.ST7735_DrawCharS)
    __arm_cp.21_1                            0x0000087c   Number         4  st7735.o(.text.ST7735_DrawCharS)
    [Anonymous Symbol]                       0x00000880   Section        0  st7735.o(.text.ST7735_DrawPixel)
    [Anonymous Symbol]                       0x000008c8   Section        0  st7735.o(.text.ST7735_DrawString)
    [Anonymous Symbol]                       0x00000914   Section        0  st7735.o(.text.ST7735_FillRect)
    [Anonymous Symbol]                       0x00000990   Section        0  st7735.o(.text.ST7735_FillScreen)
    [Anonymous Symbol]                       0x000009b4   Section        0  st7735.o(.text.ST7735_InitR)
    __arm_cp.5_0                             0x00000a0c   Number         4  st7735.o(.text.ST7735_InitR)
    __arm_cp.5_1                             0x00000a10   Number         4  st7735.o(.text.ST7735_InitR)
    __arm_cp.5_2                             0x00000a14   Number         4  st7735.o(.text.ST7735_InitR)
    __arm_cp.5_4                             0x00000a18   Number         4  st7735.o(.text.ST7735_InitR)
    [Anonymous Symbol]                       0x00000a1c   Section        0  st7735.o(.text.ST7735_OutChar)
    __arm_cp.36_0                            0x00000a9c   Number         4  st7735.o(.text.ST7735_OutChar)
    __arm_cp.36_1                            0x00000aa0   Number         4  st7735.o(.text.ST7735_OutChar)
    __arm_cp.36_2                            0x00000aa4   Number         4  st7735.o(.text.ST7735_OutChar)
    [Anonymous Symbol]                       0x00000ac0   Section        0  st7735.o(.text.ST7735_OutString)
    [Anonymous Symbol]                       0x00000ad4   Section        0  st7735main.o(.text.SimpleLinkHttpServerCallback)
    [Anonymous Symbol]                       0x00000b00   Section        0  st7735main.o(.text.SimpleLinkNetAppEventHandler)
    [Anonymous Symbol]                       0x00000b3c   Section        0  st7735main.o(.text.SimpleLinkWlanEventHandler)
    __arm_cp.4_0                             0x00000b74   Number         4  st7735main.o(.text.SimpleLinkWlanEventHandler)
    __arm_cp.4_3                             0x00000bec   Number         4  st7735main.o(.text.SimpleLinkWlanEventHandler)
    UARTPrimeTransmit                        0x00000bf1   Thumb Code   100  uartstdio.o(.text.UARTPrimeTransmit)
    [Anonymous Symbol]                       0x00000bf0   Section        0  uartstdio.o(.text.UARTPrimeTransmit)
    __arm_cp.4_1                             0x00000c54   Number         4  uartstdio.o(.text.UARTPrimeTransmit)
    [Anonymous Symbol]                       0x00000c58   Section        0  uartstdio.o(.text.UARTStdioIntHandler)
    __arm_cp.14_0                            0x00000d6c   Number         4  uartstdio.o(.text.UARTStdioIntHandler)
    __arm_cp.14_1                            0x00000d70   Number         4  uartstdio.o(.text.UARTStdioIntHandler)
    __arm_cp.14_4                            0x00000d7c   Number         4  uartstdio.o(.text.UARTStdioIntHandler)
    [Anonymous Symbol]                       0x00000d80   Section        0  st7735main.o(.text.UART_Init)
    __arm_cp.0_0                             0x00000dd8   Number         4  st7735main.o(.text.UART_Init)
    __arm_cp.0_1                             0x00000ddc   Number         4  st7735main.o(.text.UART_Init)
    __arm_cp.0_2                             0x00000de0   Number         4  st7735main.o(.text.UART_Init)
    [Anonymous Symbol]                       0x00000de4   Section        0  st7735main.o(.text.UART_OutString)
    __arm_cp.1_0                             0x00000df8   Number         4  st7735main.o(.text.UART_OutString)
    [Anonymous Symbol]                       0x00000dfc   Section        0  uartstdio.o(.text.UARTwrite)
    __arm_cp.3_0                             0x00000e60   Number         4  uartstdio.o(.text.UARTwrite)
    __arm_cp.3_1                             0x00000e64   Number         4  uartstdio.o(.text.UARTwrite)
    __arm_cp.3_2                             0x00000e68   Number         4  uartstdio.o(.text.UARTwrite)
    [Anonymous Symbol]                       0x00000e6c   Section        0  driver.o(.text._SlAsyncEventGenericHandler)
    [Anonymous Symbol]                       0x000010a0   Section        0  driver.o(.text._SlDrvBasicCmd)
    [Anonymous Symbol]                       0x000010c4   Section        0  driver.o(.text._SlDrvClassifyRxMsg)
    __arm_cp.16_1                            0x00001138   Number         4  driver.o(.text._SlDrvClassifyRxMsg)
    __arm_cp.16_2                            0x0000113c   Number         4  driver.o(.text._SlDrvClassifyRxMsg)
    __arm_cp.16_3                            0x00001140   Number         4  driver.o(.text._SlDrvClassifyRxMsg)
    __arm_cp.16_4                            0x00001144   Number         4  driver.o(.text._SlDrvClassifyRxMsg)
    [Anonymous Symbol]                       0x00001148   Section        0  driver.o(.text._SlDrvCmdOp)
    [Anonymous Symbol]                       0x00001180   Section        0  driver.o(.text._SlDrvCmdSend)
    __arm_cp.9_0                             0x0000119c   Number         4  driver.o(.text._SlDrvCmdSend)
    [Anonymous Symbol]                       0x000011a0   Section        0  driver.o(.text._SlDrvDataReadOp)
    __arm_cp.10_0                            0x000012a8   Number         4  driver.o(.text._SlDrvDataReadOp)
    [Anonymous Symbol]                       0x000012ac   Section        0  driver.o(.text._SlDrvDataWriteOp)
    [Anonymous Symbol]                       0x00001394   Section        0  device.o(.text._SlDrvDeviceEventHandler)
    [Anonymous Symbol]                       0x000013b0   Section        0  driver.o(.text._SlDrvDriverCBDeinit)
    [Anonymous Symbol]                       0x00001410   Section        0  driver.o(.text._SlDrvDriverCBInit)
    __arm_cp.0_1                             0x00001484   Number         4  driver.o(.text._SlDrvDriverCBInit)
    [Anonymous Symbol]                       0x00001488   Section        0  flowcont.o(.text._SlDrvFlowContDeinit)
    [Anonymous Symbol]                       0x000014b0   Section        0  flowcont.o(.text._SlDrvFlowContInit)
    __arm_cp.0_0                             0x000014d8   Number         4  flowcont.o(.text._SlDrvFlowContInit)
    [Anonymous Symbol]                       0x000014dc   Section        0  driver.o(.text._SlDrvMsgRead)
    __arm_cp.14_0                            0x000017e0   Number         4  driver.o(.text._SlDrvMsgRead)
    __arm_cp.14_1                            0x000017e4   Number         4  driver.o(.text._SlDrvMsgRead)
    [Anonymous Symbol]                       0x000017e8   Section        0  driver.o(.text._SlDrvMsgReadCmdCtx)
    __arm_cp.8_0                             0x00001878   Number         4  driver.o(.text._SlDrvMsgReadCmdCtx)
    __arm_cp.8_1                             0x0000187c   Number         4  driver.o(.text._SlDrvMsgReadCmdCtx)
    [Anonymous Symbol]                       0x00001880   Section        0  driver.o(.text._SlDrvMsgReadSpawnCtx)
    __arm_cp.5_0                             0x000018f8   Number         4  driver.o(.text._SlDrvMsgReadSpawnCtx)
    [Anonymous Symbol]                       0x000018fc   Section        0  driver.o(.text._SlDrvMsgWrite)
    __arm_cp.7_1                             0x000019cc   Number         4  driver.o(.text._SlDrvMsgWrite)
    [Anonymous Symbol]                       0x000019d0   Section        0  netapp.o(.text._SlDrvNetAppEventHandler)
    [Anonymous Symbol]                       0x00001aa0   Section        0  driver.o(.text._SlDrvObjInit)
    [Anonymous Symbol]                       0x00001ad4   Section        0  driver.o(.text._SlDrvReleasePoolObj)
    __arm_cp.12_0                            0x00001bb0   Number         4  driver.o(.text._SlDrvReleasePoolObj)
    [Anonymous Symbol]                       0x00001bb4   Section        0  driver.o(.text._SlDrvRxHdrRead)
    __arm_cp.15_0                            0x00001cc8   Number         4  driver.o(.text._SlDrvRxHdrRead)
    __arm_cp.15_1                            0x00001ccc   Number         4  driver.o(.text._SlDrvRxHdrRead)
    __arm_cp.15_2                            0x00001cd0   Number         4  driver.o(.text._SlDrvRxHdrRead)
    __arm_cp.15_3                            0x00001cd4   Number         4  driver.o(.text._SlDrvRxHdrRead)
    [Anonymous Symbol]                       0x00001cd8   Section        0  driver.o(.text._SlDrvRxIrqHandler)
    __arm_cp.4_1                             0x00001d0c   Number         4  driver.o(.text._SlDrvRxIrqHandler)
    [Anonymous Symbol]                       0x00001d10   Section        0  driver.o(.text._SlDrvShiftDWord)
    [Anonymous Symbol]                       0x00001d28   Section        0  driver.o(.text._SlDrvWaitForPoolObj)
    [Anonymous Symbol]                       0x00001e04   Section        0  driver.o(.text._SlFindAndSetActiveObj)
    __arm_cp.17_0                            0x00001e90   Number         4  driver.o(.text._SlFindAndSetActiveObj)
    __arm_cp.17_1                            0x00001e94   Number         4  driver.o(.text._SlFindAndSetActiveObj)
    __arm_cp.17_2                            0x00001e98   Number         4  driver.o(.text._SlFindAndSetActiveObj)
    [Anonymous Symbol]                       0x00001e9c   Section        0  nonos.o(.text._SlNonOsMainLoopTask)
    [Anonymous Symbol]                       0x00001ed4   Section        0  nonos.o(.text._SlNonOsSemGet)
    [Anonymous Symbol]                       0x00001f04   Section        0  nonos.o(.text._SlNonOsSemSet)
    [Anonymous Symbol]                       0x00001f0c   Section        0  nonos.o(.text._SlNonOsSpawn)
    __arm_cp.3_0                             0x00001f30   Number         4  nonos.o(.text._SlNonOsSpawn)
    [Anonymous Symbol]                       0x00001f34   Section        0  driver.o(.text._SlRemoveFromList)
    __arm_cp.21_0                            0x00001f74   Number         4  driver.o(.text._SlRemoveFromList)
    [Anonymous Symbol]                       0x00001f78   Section        0  socket.o(.text._sl_BuildAddress)
    [Anonymous Symbol]                       0x00001fa0   Section        0  socket.o(.text._sl_HandleAsync_Accept)
    [Anonymous Symbol]                       0x00001fe8   Section        0  socket.o(.text._sl_HandleAsync_Connect)
    [Anonymous Symbol]                       0x00002030   Section        0  netapp.o(.text._sl_HandleAsync_DnsGetHostByName)
    __arm_cp.10_0                            0x00002088   Number         4  netapp.o(.text._sl_HandleAsync_DnsGetHostByName)
    [Anonymous Symbol]                       0x0000208c   Section        0  netapp.o(.text._sl_HandleAsync_DnsGetHostByService)
    __arm_cp.7_0                             0x000020dc   Number         4  netapp.o(.text._sl_HandleAsync_DnsGetHostByService)
    [Anonymous Symbol]                       0x000020e0   Section        0  device.o(.text._sl_HandleAsync_InitComplete)
    [Anonymous Symbol]                       0x00002120   Section        0  netapp.o(.text._sl_HandleAsync_PingResponse)
    __arm_cp.12_0                            0x0000218c   Number         4  netapp.o(.text._sl_HandleAsync_PingResponse)
    __arm_cp.12_1                            0x00002190   Number         4  netapp.o(.text._sl_HandleAsync_PingResponse)
    [Anonymous Symbol]                       0x00002194   Section        0  socket.o(.text._sl_HandleAsync_Select)
    [Anonymous Symbol]                       0x000021cc   Section        0  device.o(.text._sl_HandleAsync_Stop)
    __arm_cp.4_0                             0x000021ec   Number         4  device.o(.text._sl_HandleAsync_Stop)
    [Anonymous Symbol]                       0x000021f0   Section        0  socket.o(.text._sl_TruncatePayloadByProtocol)
    commandList                              0x0000223d   Thumb Code    74  st7735.o(.text.commandList)
    [Anonymous Symbol]                       0x0000223c   Section        0  st7735.o(.text.commandList)
    commonInit                               0x00002289   Thumb Code   248  st7735.o(.text.commonInit)
    [Anonymous Symbol]                       0x00002288   Section        0  st7735.o(.text.commonInit)
    __arm_cp.2_0                             0x00002380   Number         4  st7735.o(.text.commonInit)
    __arm_cp.2_1                             0x00002384   Number         4  st7735.o(.text.commonInit)
    __arm_cp.2_2                             0x00002388   Number         4  st7735.o(.text.commonInit)
    __arm_cp.2_3                             0x0000238c   Number         4  st7735.o(.text.commonInit)
    __arm_cp.2_4                             0x00002390   Number         4  st7735.o(.text.commonInit)
    __arm_cp.2_5                             0x00002394   Number         4  st7735.o(.text.commonInit)
    __arm_cp.2_6                             0x00002398   Number         4  st7735.o(.text.commonInit)
    __arm_cp.2_7                             0x0000239c   Number         4  st7735.o(.text.commonInit)
    __arm_cp.2_8                             0x000023a0   Number         4  st7735.o(.text.commonInit)
    __arm_cp.2_9                             0x000023a4   Number         4  st7735.o(.text.commonInit)
    __arm_cp.2_10                            0x000023a8   Number         4  st7735.o(.text.commonInit)
    __arm_cp.2_11                            0x000023ac   Number         4  st7735.o(.text.commonInit)
    [Anonymous Symbol]                       0x000023b0   Section        0  board.o(.text.initClk)
    __arm_cp.0_0                             0x000023c4   Number         4  board.o(.text.initClk)
    [Anonymous Symbol]                       0x000023c8   Section        0  st7735main.o(.text.main)
    __arm_cp.3_0                             0x000026e8   Number         4  st7735main.o(.text.main)
    __arm_cp.3_1                             0x000026ec   Number         4  st7735main.o(.text.main)
    __arm_cp.3_2                             0x000026f0   Number         4  st7735main.o(.text.main)
    __arm_cp.3_3                             0x000026f4   Number         4  st7735main.o(.text.main)
    __arm_cp.3_6                             0x00002710   Number         4  st7735main.o(.text.main)
    __arm_cp.3_8                             0x0000272c   Number         4  st7735main.o(.text.main)
    __arm_cp.3_10                            0x00002738   Number         4  st7735main.o(.text.main)
    __arm_cp.3_15                            0x00002760   Number         4  st7735main.o(.text.main)
    __arm_cp.3_18                            0x00002770   Number         4  st7735main.o(.text.main)
    __arm_cp.3_19                            0x00002774   Number         4  st7735main.o(.text.main)
    __arm_cp.3_20                            0x00002778   Number         4  st7735main.o(.text.main)
    __arm_cp.3_21                            0x0000277c   Number         4  st7735main.o(.text.main)
    pushColor                                0x00002781   Thumb Code    20  st7735.o(.text.pushColor)
    [Anonymous Symbol]                       0x00002780   Section        0  st7735.o(.text.pushColor)
    [Anonymous Symbol]                       0x00002794   Section        0  board.o(.text.registerInterruptHandler)
    __arm_cp.2_0                             0x0000279c   Number         4  board.o(.text.registerInterruptHandler)
    setAddrWindow                            0x000027a1   Thumb Code    96  st7735.o(.text.setAddrWindow)
    [Anonymous Symbol]                       0x000027a0   Section        0  st7735.o(.text.setAddrWindow)
    __arm_cp.10_0                            0x00002800   Number         4  st7735.o(.text.setAddrWindow)
    __arm_cp.10_1                            0x00002804   Number         4  st7735.o(.text.setAddrWindow)
    __arm_cp.10_2                            0x00002808   Number         4  st7735.o(.text.setAddrWindow)
    [Anonymous Symbol]                       0x0000280c   Section        0  socket.o(.text.sl_Close)
    __arm_cp.4_0                             0x00002824   Number         4  socket.o(.text.sl_Close)
    [Anonymous Symbol]                       0x00002828   Section        0  socket.o(.text.sl_Connect)
    [Anonymous Symbol]                       0x00002904   Section        0  device.o(.text.sl_DevGet)
    __arm_cp.8_0                             0x00002968   Number         4  device.o(.text.sl_DevGet)
    __arm_cp.8_1                             0x0000296c   Number         4  device.o(.text.sl_DevGet)
    [Anonymous Symbol]                       0x00002970   Section        0  socket.o(.text.sl_Htonl)
    [Anonymous Symbol]                       0x00002974   Section        0  socket.o(.text.sl_Htons)
    [Anonymous Symbol]                       0x00002978   Section        0  netapp.o(.text.sl_NetAppDnsGetHostByName)
    __arm_cp.9_0                             0x00002a48   Number         4  netapp.o(.text.sl_NetAppDnsGetHostByName)
    __arm_cp.9_1                             0x00002a4c   Number         4  netapp.o(.text.sl_NetAppDnsGetHostByName)
    __arm_cp.9_2                             0x00002a50   Number         4  netapp.o(.text.sl_NetAppDnsGetHostByName)
    [Anonymous Symbol]                       0x00002a54   Section        0  netapp.o(.text.sl_NetAppMDNSRegisterUnregisterService)
    __arm_cp.3_0                             0x00002ad4   Number         4  netapp.o(.text.sl_NetAppMDNSRegisterUnregisterService)
    [Anonymous Symbol]                       0x00002ad8   Section        0  netapp.o(.text.sl_NetAppMDNSUnRegisterService)
    [Anonymous Symbol]                       0x00002aec   Section        0  netapp.o(.text.sl_NetAppSendTokenValue)
    __arm_cp.15_0                            0x00002b34   Number         4  netapp.o(.text.sl_NetAppSendTokenValue)
    [Anonymous Symbol]                       0x00002b38   Section        0  netcfg.o(.text.sl_NetCfgSet)
    __arm_cp.0_0                             0x00002b70   Number         4  netcfg.o(.text.sl_NetCfgSet)
    [Anonymous Symbol]                       0x00002b74   Section        0  socket.o(.text.sl_Recv)
    __arm_cp.16_0                            0x00002bb0   Number         4  socket.o(.text.sl_Recv)
    [Anonymous Symbol]                       0x00002bb4   Section        0  socket.o(.text.sl_Send)
    __arm_cp.10_0                            0x00002c48   Number         4  socket.o(.text.sl_Send)
    __arm_cp.10_1                            0x00002c4c   Number         4  socket.o(.text.sl_Send)
    [Anonymous Symbol]                       0x00002c50   Section        0  socket.o(.text.sl_Socket)
    __arm_cp.3_0                             0x00002c7c   Number         4  socket.o(.text.sl_Socket)
    [Anonymous Symbol]                       0x00002c80   Section        0  device.o(.text.sl_Start)
    __arm_cp.2_0                             0x00002d1c   Number         4  device.o(.text.sl_Start)
    __arm_cp.2_1                             0x00002d20   Number         4  device.o(.text.sl_Start)
    __arm_cp.2_2                             0x00002d24   Number         4  device.o(.text.sl_Start)
    [Anonymous Symbol]                       0x00002d28   Section        0  device.o(.text.sl_Stop)
    __arm_cp.5_0                             0x00002dd8   Number         4  device.o(.text.sl_Stop)
    __arm_cp.5_1                             0x00002ddc   Number         4  device.o(.text.sl_Stop)
    __arm_cp.5_2                             0x00002de0   Number         4  device.o(.text.sl_Stop)
    [Anonymous Symbol]                       0x00002de4   Section        0  wlan.o(.text.sl_WlanConnect)
    __arm_cp.0_0                             0x00002f64   Number         4  wlan.o(.text.sl_WlanConnect)
    [Anonymous Symbol]                       0x00002f68   Section        0  wlan.o(.text.sl_WlanDisconnect)
    [Anonymous Symbol]                       0x00002f70   Section        0  wlan.o(.text.sl_WlanPolicySet)
    __arm_cp.2_0                             0x00002fa4   Number         4  wlan.o(.text.sl_WlanPolicySet)
    [Anonymous Symbol]                       0x00002fa8   Section        0  wlan.o(.text.sl_WlanProfileDel)
    __arm_cp.6_0                             0x00002fc0   Number         4  wlan.o(.text.sl_WlanProfileDel)
    [Anonymous Symbol]                       0x00002fc4   Section        0  wlan.o(.text.sl_WlanSet)
    __arm_cp.17_0                            0x00002ffc   Number         4  wlan.o(.text.sl_WlanSet)
    [Anonymous Symbol]                       0x00003000   Section        0  wlan.o(.text.sl_WlanSetMode)
    __arm_cp.16_0                            0x00003018   Number         4  wlan.o(.text.sl_WlanSetMode)
    [Anonymous Symbol]                       0x0000301c   Section        0  spi.o(.text.spi_Close)
    [Anonymous Symbol]                       0x00003028   Section        0  spi.o(.text.spi_Open)
    __arm_cp.1_0                             0x000030ec   Number         4  spi.o(.text.spi_Open)
    __arm_cp.1_1                             0x000030f0   Number         4  spi.o(.text.spi_Open)
    __arm_cp.1_2                             0x000030f4   Number         4  spi.o(.text.spi_Open)
    __arm_cp.1_3                             0x000030f8   Number         4  spi.o(.text.spi_Open)
    __arm_cp.1_4                             0x000030fc   Number         4  spi.o(.text.spi_Open)
    __arm_cp.1_5                             0x00003100   Number         4  spi.o(.text.spi_Open)
    __arm_cp.1_6                             0x00003104   Number         4  spi.o(.text.spi_Open)
    [Anonymous Symbol]                       0x00003108   Section        0  spi.o(.text.spi_Read)
    [Anonymous Symbol]                       0x00003154   Section        0  spi.o(.text.spi_Write)
    __arm_cp.2_0                             0x0000319c   Number         4  spi.o(.text.spi_Write)
    writecommand                             0x000031a1   Thumb Code    24  st7735.o(.text.writecommand)
    [Anonymous Symbol]                       0x000031a0   Section        0  st7735.o(.text.writecommand)
    writedata                                0x000031b9   Thumb Code    20  st7735.o(.text.writedata)
    [Anonymous Symbol]                       0x000031b8   Section        0  st7735.o(.text.writedata)
    __arm_cp.8_0                             0x000031cc   Number         4  st7735.o(.text.writedata)
    __arm_cp.8_1                             0x000031d0   Number         4  st7735.o(.text.writedata)
    i.FPUEnable                              0x000031d4   Section        0  fpu.o(i.FPUEnable)
    i.FPULazyStackingEnable                  0x000031e4   Section        0  fpu.o(i.FPULazyStackingEnable)
    i.GPIODirModeSet                         0x000031f4   Section        0  gpio.o(i.GPIODirModeSet)
    i.GPIOIntClear                           0x0000321c   Section        0  gpio.o(i.GPIOIntClear)
    i.GPIOIntDisable                         0x00003222   Section        0  gpio.o(i.GPIOIntDisable)
    i.GPIOIntEnable                          0x00003230   Section        0  gpio.o(i.GPIOIntEnable)
    i.GPIOIntStatus                          0x0000323e   Section        0  gpio.o(i.GPIOIntStatus)
    i.GPIOIntTypeSet                         0x0000324c   Section        0  gpio.o(i.GPIOIntTypeSet)
    i.GPIOPadConfigSet                       0x0000329c   Section        0  gpio.o(i.GPIOPadConfigSet)
    i.GPIOPinConfigure                       0x000033d8   Section        0  gpio.o(i.GPIOPinConfigure)
    i.GPIOPinTypeGPIOInput                   0x00003420   Section        0  gpio.o(i.GPIOPinTypeGPIOInput)
    i.GPIOPinTypeGPIOOutput                  0x0000343c   Section        0  gpio.o(i.GPIOPinTypeGPIOOutput)
    i.GPIOPinTypeSSI                         0x00003458   Section        0  gpio.o(i.GPIOPinTypeSSI)
    i.GPIOPinWrite                           0x00003474   Section        0  gpio.o(i.GPIOPinWrite)
    i.IntEnable                              0x0000347c   Section        0  interrupt.o(i.IntEnable)
    i.IntMasterEnable                        0x000034e0   Section        0  interrupt.o(i.IntMasterEnable)
    i.SSIConfigSetExpClk                     0x000034ee   Section        0  ssi.o(i.SSIConfigSetExpClk)
    i.SSIDataGetNonBlocking                  0x00003538   Section        0  ssi.o(i.SSIDataGetNonBlocking)
    i.SSIDataPutNonBlocking                  0x0000354c   Section        0  ssi.o(i.SSIDataPutNonBlocking)
    i.SSIEnable                              0x0000355c   Section        0  ssi.o(i.SSIEnable)
    i.SysCtlClockGet                         0x00003568   Section        0  sysctl.o(i.SysCtlClockGet)
    i.SysCtlClockSet                         0x000036cc   Section        0  sysctl.o(i.SysCtlClockSet)
    i.SysCtlPeripheralEnable                 0x000037ec   Section        0  sysctl.o(i.SysCtlPeripheralEnable)
    i.__scatterload_copy                     0x00003814   Section       14  handlers.o(i.__scatterload_copy)
    i.__scatterload_null                     0x00003822   Section        2  handlers.o(i.__scatterload_null)
    i.__scatterload_zeroinit                 0x00003824   Section       14  handlers.o(i.__scatterload_zeroinit)
    g_ppui32GPIOIntMapBlizzard               0x00003834   Data         192  gpio.o(.constdata)
    .constdata                               0x00003834   Section      528  gpio.o(.constdata)
    g_ppui32GPIOIntMapSnowflake              0x000038f4   Data         192  gpio.o(.constdata)
    g_pui32GPIOBaseAddrs                     0x000039b4   Data         144  gpio.o(.constdata)
    g_pui32Priority                          0x00003a44   Data          32  interrupt.o(.constdata)
    .constdata                               0x00003a44   Section      268  interrupt.o(.constdata)
    g_pui32Regs                              0x00003a64   Data         156  interrupt.o(.constdata)
    g_pui32EnRegs                            0x00003b00   Data          20  interrupt.o(.constdata)
    g_pui32Dii16Regs                         0x00003b14   Data          20  interrupt.o(.constdata)
    g_pui32PendRegs                          0x00003b28   Data          20  interrupt.o(.constdata)
    g_pui32UnpendRegs                        0x00003b3c   Data          20  interrupt.o(.constdata)
    g_pui32VCOFrequencies                    0x00003b50   Data           8  sysctl.o(.constdata)
    .constdata                               0x00003b50   Section      452  sysctl.o(.constdata)
    g_pui32Xtals                             0x00003b58   Data         108  sysctl.o(.constdata)
    g_pppui32XTALtoVCO                       0x00003bc4   Data         288  sysctl.o(.constdata)
    g_sXTALtoMEMTIM                          0x00003ce4   Data          48  sysctl.o(.constdata)
    Font                                     0x00003d14   Data        1275  st7735.o(.rodata.Font)
    [Anonymous Symbol]                       0x00003d14   Section        0  st7735.o(.rodata.Font)
    Rcmd1                                    0x0000420f   Data          59  st7735.o(.rodata.Rcmd1)
    [Anonymous Symbol]                       0x0000420f   Section        0  st7735.o(.rodata.Rcmd1)
    Rcmd2green                               0x0000424a   Data          13  st7735.o(.rodata.Rcmd2green)
    [Anonymous Symbol]                       0x0000424a   Section        0  st7735.o(.rodata.Rcmd2green)
    Rcmd2red                                 0x00004257   Data          13  st7735.o(.rodata.Rcmd2red)
    [Anonymous Symbol]                       0x00004257   Section        0  st7735.o(.rodata.Rcmd2red)
    Rcmd3                                    0x00004264   Data          43  st7735.o(.rodata.Rcmd3)
    [Anonymous Symbol]                       0x00004264   Section        0  st7735.o(.rodata.Rcmd3)
    g_ui32UARTInt                            0x00004f90   Data          12  uartstdio.o(.rodata.g_ui32UARTInt)
    [Anonymous Symbol]                       0x00004f90   Section        0  uartstdio.o(.rodata.g_ui32UARTInt)
    [Anonymous Symbol]                       0x00005c1c   Section        0  st7735main.o(.rodata.str1.1)
    [Anonymous Symbol]                       0x00005cc8   Section        0  st7735main.o(.rodata.str1.4)
    ColStart                                 0x20000008   Data           1  st7735.o(.bss..L_MergedGlobals)
    [Anonymous Symbol]                       0x20000008   Section        0  st7735.o(.bss..L_MergedGlobals)
    RowStart                                 0x20000009   Data           1  st7735.o(.bss..L_MergedGlobals)
    TabColor                                 0x2000000a   Data           1  st7735.o(.bss..L_MergedGlobals)
    _width                                   0x2000000c   Data           1  st7735.o(.bss..L_MergedGlobals)
    _height                                  0x2000000e   Data           1  st7735.o(.bss..L_MergedGlobals)
    g_bDisableEcho                           0x2000003c   Data           1  uartstdio.o(.bss..L_MergedGlobals)
    [Anonymous Symbol]                       0x2000003c   Section        0  uartstdio.o(.bss..L_MergedGlobals)
    UARTStdioIntHandler.bLastWasCR           0x2000003d   Data           1  uartstdio.o(.bss..L_MergedGlobals)
    g_ui32Base                               0x20000040   Data           4  uartstdio.o(.bss..L_MergedGlobals)
    g_ui32PortNum                            0x20000044   Data           4  uartstdio.o(.bss..L_MergedGlobals)
    g_ui32UARTTxReadIndex                    0x20000048   Data           4  uartstdio.o(.bss..L_MergedGlobals)
    g_ui32UARTTxWriteIndex                   0x2000004c   Data           4  uartstdio.o(.bss..L_MergedGlobals)
    g_ui32UARTRxReadIndex                    0x20000050   Data           4  uartstdio.o(.bss..L_MergedGlobals)
    g_ui32UARTRxWriteIndex                   0x20000054   Data           4  uartstdio.o(.bss..L_MergedGlobals)
    [Anonymous Symbol]                       0x20000058   Section        0  st7735main.o(.bss..L_MergedGlobals)
    g_pcUARTRxBuffer                         0x2000081c   Data         128  uartstdio.o(.bss.g_pcUARTRxBuffer)
    [Anonymous Symbol]                       0x2000081c   Section        0  uartstdio.o(.bss.g_pcUARTRxBuffer)
    g_pcUARTTxBuffer                         0x2000089c   Data        1024  uartstdio.o(.bss.g_pcUARTTxBuffer)
    [Anonymous Symbol]                       0x2000089c   Section        0  uartstdio.o(.bss.g_pcUARTTxBuffer)
    StackMem                                 0x20000ca8   Data           0  startup_rvmdk.o(STACK)
    STACK                                    0x20000ca8   Section    16384  startup_rvmdk.o(STACK)

    Global Symbols

    Symbol Name                              Value     Ov Type        Size  Object(Section)

    BuildAttributes$$THM_ISAv4$E$P$D$K$B$S$7EM$VFPi3$EXTD16$VFPS$VFMA$PE$A:L22UL41UL21$X:L11$S22US41US21$IEEE1$IW$~IW$USESV6$~STKCKD$USESV7$~SHL$OTIME$EBA8$MICROLIB$REQ8$PRES8$EABIv2 0x00000000   Number         0  anon$$obj.o ABSOLUTE
    __Vectors                                0x00000000   Data           0  startup_rvmdk.o(RESET)
    __cpp_initialize__aeabi_                  - Undefined Weak Reference
    __cxa_finalize                            - Undefined Weak Reference
    __decompress                              - Undefined Weak Reference
    _clock_init                               - Undefined Weak Reference
    _microlib_exit                            - Undefined Weak Reference
    Reset_Handler                            0x0000026d   Thumb Code     0  startup_rvmdk.o(RESET)
    __main                                   0x00000289   Thumb Code     0  entry.o(.ARM.Collect$$$$00000000)
    _main_stk                                0x00000289   Thumb Code     0  entry2.o(.ARM.Collect$$$$00000001)
    _main_scatterload                        0x0000028d   Thumb Code     0  entry5.o(.ARM.Collect$$$$00000004)
    __main_after_scatterload                 0x00000291   Thumb Code     0  entry5.o(.ARM.Collect$$$$00000004)
    _main_clock                              0x00000291   Thumb Code     0  entry7b.o(.ARM.Collect$$$$00000008)
    _main_cpp_init                           0x00000291   Thumb Code     0  entry8b.o(.ARM.Collect$$$$0000000A)
    _main_init                               0x00000291   Thumb Code     0  entry9a.o(.ARM.Collect$$$$0000000B)
    __rt_final_cpp                           0x00000299   Thumb Code     0  entry10a.o(.ARM.Collect$$$$0000000D)
    __rt_final_exit                          0x00000299   Thumb Code     0  entry11a.o(.ARM.Collect$$$$0000000F)
    SysCtlDelay                              0x0000029d   Thumb Code     6  sysctl.o(.emb_text)
    CPUcpsid                                 0x000002a5   Thumb Code     8  cpu.o(.emb_text)
    CPUprimask                               0x000002ad   Thumb Code     6  cpu.o(.emb_text)
    CPUcpsie                                 0x000002b3   Thumb Code     8  cpu.o(.emb_text)
    CPUwfi                                   0x000002bb   Thumb Code     4  cpu.o(.emb_text)
    CPUbasepriSet                            0x000002bf   Thumb Code     6  cpu.o(.emb_text)
    CPUbasepriGet                            0x000002c5   Thumb Code     6  cpu.o(.emb_text)
    __aeabi_memcpy                           0x000002cb   Thumb Code    36  memcpya.o(.text)
    __aeabi_memcpy4                          0x000002cb   Thumb Code     0  memcpya.o(.text)
    __aeabi_memcpy8                          0x000002cb   Thumb Code     0  memcpya.o(.text)
    __aeabi_memset                           0x000002ef   Thumb Code    14  memseta.o(.text)
    __aeabi_memset4                          0x000002ef   Thumb Code     0  memseta.o(.text)
    __aeabi_memset8                          0x000002ef   Thumb Code     0  memseta.o(.text)
    __aeabi_memclr                           0x000002fd   Thumb Code     4  memseta.o(.text)
    __aeabi_memclr4                          0x000002fd   Thumb Code     0  memseta.o(.text)
    __aeabi_memclr8                          0x000002fd   Thumb Code     0  memseta.o(.text)
    _memset$wrapper                          0x00000301   Thumb Code    18  memseta.o(.text)
    strstr                                   0x00000313   Thumb Code    36  strstr.o(.text)
    strlen                                   0x00000337   Thumb Code    14  strlen.o(.text)
    __scatterload                            0x00000345   Thumb Code    38  init.o(.text)
    __scatterload_rt2                        0x00000345   Thumb Code     0  init.o(.text)
    Board_Input                              0x00000375   Thumb Code    20  led.o(.text.Board_Input)
    CC3100_InterruptDisable                  0x0000038d   Thumb Code     8  board.o(.text.CC3100_InterruptDisable)
    CC3100_InterruptEnable                   0x00000395   Thumb Code     8  board.o(.text.CC3100_InterruptEnable)
    CC3100_disable                           0x0000039d   Thumb Code    12  board.o(.text.CC3100_disable)
    CC3100_enable                            0x000003a9   Thumb Code    12  board.o(.text.CC3100_enable)
    Crash                                    0x000003b9   Thumb Code     6  st7735main.o(.text.Crash)
    Delay1ms                                 0x000003bf   Thumb Code    30  st7735.o(.text.Delay1ms)
    GPIOB_intHandler                         0x000003dd   Thumb Code    44  board.o(.text.GPIOB_intHandler)
    GetStartResponseConvert                  0x00000411   Thumb Code    68  device.o(.text.GetStartResponseConvert)
    LED_GreenOff                             0x00000455   Thumb Code     8  led.o(.text.LED_GreenOff)
    LED_GreenOn                              0x0000045d   Thumb Code     8  led.o(.text.LED_GreenOn)
    LED_Init                                 0x00000469   Thumb Code    60  led.o(.text.LED_Init)
    LED_RedToggle                            0x000004b5   Thumb Code    12  led.o(.text.LED_RedToggle)
    ST7735_DrawBitmap                        0x000006bd   Thumb Code   232  st7735.o(.text.ST7735_DrawBitmap)
    ST7735_DrawCharS                         0x000007a5   Thumb Code   216  st7735.o(.text.ST7735_DrawCharS)
    ST7735_DrawPixel                         0x00000881   Thumb Code    72  st7735.o(.text.ST7735_DrawPixel)
    ST7735_DrawString                        0x000008c9   Thumb Code    76  st7735.o(.text.ST7735_DrawString)
    ST7735_FillRect                          0x00000915   Thumb Code   124  st7735.o(.text.ST7735_FillRect)
    ST7735_FillScreen                        0x00000991   Thumb Code    36  st7735.o(.text.ST7735_FillScreen)
    ST7735_InitR                             0x000009b5   Thumb Code    88  st7735.o(.text.ST7735_InitR)
    ST7735_OutChar                           0x00000a1d   Thumb Code   128  st7735.o(.text.ST7735_OutChar)
    ST7735_OutString                         0x00000ac1   Thumb Code    18  st7735.o(.text.ST7735_OutString)
    SimpleLinkHttpServerCallback             0x00000ad5   Thumb Code     8  st7735main.o(.text.SimpleLinkHttpServerCallback)
    SimpleLinkNetAppEventHandler             0x00000b01   Thumb Code    24  st7735main.o(.text.SimpleLinkNetAppEventHandler)
    SimpleLinkWlanEventHandler               0x00000b3d   Thumb Code    56  st7735main.o(.text.SimpleLinkWlanEventHandler)
    UARTStdioIntHandler                      0x00000c59   Thumb Code   276  uartstdio.o(.text.UARTStdioIntHandler)
    UART_Init                                0x00000d81   Thumb Code    88  st7735main.o(.text.UART_Init)
    UART_OutString                           0x00000de5   Thumb Code    20  st7735main.o(.text.UART_OutString)
    UARTwrite                                0x00000dfd   Thumb Code   100  uartstdio.o(.text.UARTwrite)
    _SlAsyncEventGenericHandler              0x00000e6d   Thumb Code   564  driver.o(.text._SlAsyncEventGenericHandler)
    _SlDrvBasicCmd                           0x000010a1   Thumb Code    34  driver.o(.text._SlDrvBasicCmd)
    _SlDrvClassifyRxMsg                      0x000010c5   Thumb Code   116  driver.o(.text._SlDrvClassifyRxMsg)
    _SlDrvCmdOp                              0x00001149   Thumb Code    56  driver.o(.text._SlDrvCmdOp)
    _SlDrvCmdSend                            0x00001181   Thumb Code    28  driver.o(.text._SlDrvCmdSend)
    _SlDrvDataReadOp                         0x000011a1   Thumb Code   264  driver.o(.text._SlDrvDataReadOp)
    _SlDrvDataWriteOp                        0x000012ad   Thumb Code   232  driver.o(.text._SlDrvDataWriteOp)
    _SlDrvDeviceEventHandler                 0x00001395   Thumb Code    26  device.o(.text._SlDrvDeviceEventHandler)
    _SlDrvDriverCBDeinit                     0x000013b1   Thumb Code    96  driver.o(.text._SlDrvDriverCBDeinit)
    _SlDrvDriverCBInit                       0x00001411   Thumb Code   116  driver.o(.text._SlDrvDriverCBInit)
    _SlDrvFlowContDeinit                     0x00001489   Thumb Code    40  flowcont.o(.text._SlDrvFlowContDeinit)
    _SlDrvFlowContInit                       0x000014b1   Thumb Code    40  flowcont.o(.text._SlDrvFlowContInit)
    _SlDrvMsgRead                            0x000014dd   Thumb Code   772  driver.o(.text._SlDrvMsgRead)
    _SlDrvMsgReadCmdCtx                      0x000017e9   Thumb Code   144  driver.o(.text._SlDrvMsgReadCmdCtx)
    _SlDrvMsgReadSpawnCtx                    0x00001881   Thumb Code   120  driver.o(.text._SlDrvMsgReadSpawnCtx)
    _SlDrvMsgWrite                           0x000018fd   Thumb Code   208  driver.o(.text._SlDrvMsgWrite)
    _SlDrvNetAppEventHandler                 0x000019d1   Thumb Code   208  netapp.o(.text._SlDrvNetAppEventHandler)
    _SlDrvObjInit                            0x00001aa1   Thumb Code    52  driver.o(.text._SlDrvObjInit)
    _SlDrvReleasePoolObj                     0x00001ad5   Thumb Code   220  driver.o(.text._SlDrvReleasePoolObj)
    _SlDrvRxHdrRead                          0x00001bb5   Thumb Code   276  driver.o(.text._SlDrvRxHdrRead)
    _SlDrvRxIrqHandler                       0x00001cd9   Thumb Code    52  driver.o(.text._SlDrvRxIrqHandler)
    _SlDrvShiftDWord                         0x00001d11   Thumb Code    22  driver.o(.text._SlDrvShiftDWord)
    _SlDrvWaitForPoolObj                     0x00001d29   Thumb Code   220  driver.o(.text._SlDrvWaitForPoolObj)
    _SlFindAndSetActiveObj                   0x00001e05   Thumb Code   140  driver.o(.text._SlFindAndSetActiveObj)
    _SlNonOsMainLoopTask                     0x00001e9d   Thumb Code    56  nonos.o(.text._SlNonOsMainLoopTask)
    _SlNonOsSemGet                           0x00001ed5   Thumb Code    48  nonos.o(.text._SlNonOsSemGet)
    _SlNonOsSemSet                           0x00001f05   Thumb Code     6  nonos.o(.text._SlNonOsSemSet)
    _SlNonOsSpawn                            0x00001f0d   Thumb Code    36  nonos.o(.text._SlNonOsSpawn)
    _SlRemoveFromList                        0x00001f35   Thumb Code    64  driver.o(.text._SlRemoveFromList)
    _sl_BuildAddress                         0x00001f79   Thumb Code    38  socket.o(.text._sl_BuildAddress)
    _sl_HandleAsync_Accept                   0x00001fa1   Thumb Code    72  socket.o(.text._sl_HandleAsync_Accept)
    _sl_HandleAsync_Connect                  0x00001fe9   Thumb Code    72  socket.o(.text._sl_HandleAsync_Connect)
    _sl_HandleAsync_DnsGetHostByName         0x00002031   Thumb Code    88  netapp.o(.text._sl_HandleAsync_DnsGetHostByName)
    _sl_HandleAsync_DnsGetHostByService      0x0000208d   Thumb Code    80  netapp.o(.text._sl_HandleAsync_DnsGetHostByService)
    _sl_HandleAsync_InitComplete             0x000020e1   Thumb Code    64  device.o(.text._sl_HandleAsync_InitComplete)
    _sl_HandleAsync_PingResponse             0x00002121   Thumb Code   108  netapp.o(.text._sl_HandleAsync_PingResponse)
    _sl_HandleAsync_Select                   0x00002195   Thumb Code    56  socket.o(.text._sl_HandleAsync_Select)
    _sl_HandleAsync_Stop                     0x000021cd   Thumb Code    32  device.o(.text._sl_HandleAsync_Stop)
    _sl_TruncatePayloadByProtocol            0x000021f1   Thumb Code    32  socket.o(.text._sl_TruncatePayloadByProtocol)
    initClk                                  0x000023b1   Thumb Code    20  board.o(.text.initClk)
    main                                     0x000023c9   Thumb Code   800  st7735main.o(.text.main)
    registerInterruptHandler                 0x00002795   Thumb Code     8  board.o(.text.registerInterruptHandler)
    sl_Close                                 0x0000280d   Thumb Code    24  socket.o(.text.sl_Close)
    sl_Connect                               0x00002829   Thumb Code   220  socket.o(.text.sl_Connect)
    sl_DevGet                                0x00002905   Thumb Code   100  device.o(.text.sl_DevGet)
    sl_Htonl                                 0x00002971   Thumb Code     4  socket.o(.text.sl_Htonl)
    sl_Htons                                 0x00002975   Thumb Code     4  socket.o(.text.sl_Htons)
    sl_NetAppDnsGetHostByName                0x00002979   Thumb Code   208  netapp.o(.text.sl_NetAppDnsGetHostByName)
    sl_NetAppMDNSRegisterUnregisterService   0x00002a55   Thumb Code   128  netapp.o(.text.sl_NetAppMDNSRegisterUnregisterService)
    sl_NetAppMDNSUnRegisterService           0x00002ad9   Thumb Code    20  netapp.o(.text.sl_NetAppMDNSUnRegisterService)
    sl_NetAppSendTokenValue                  0x00002aed   Thumb Code    72  netapp.o(.text.sl_NetAppSendTokenValue)
    sl_NetCfgSet                             0x00002b39   Thumb Code    56  netcfg.o(.text.sl_NetCfgSet)
    sl_Recv                                  0x00002b75   Thumb Code    60  socket.o(.text.sl_Recv)
    sl_Send                                  0x00002bb5   Thumb Code   148  socket.o(.text.sl_Send)
    sl_Socket                                0x00002c51   Thumb Code    44  socket.o(.text.sl_Socket)
    sl_Start                                 0x00002c81   Thumb Code   156  device.o(.text.sl_Start)
    sl_Stop                                  0x00002d29   Thumb Code   176  device.o(.text.sl_Stop)
    sl_WlanConnect                           0x00002de5   Thumb Code   384  wlan.o(.text.sl_WlanConnect)
    sl_WlanDisconnect                        0x00002f69   Thumb Code     8  wlan.o(.text.sl_WlanDisconnect)
    sl_WlanPolicySet                         0x00002f71   Thumb Code    52  wlan.o(.text.sl_WlanPolicySet)
    sl_WlanProfileDel                        0x00002fa9   Thumb Code    24  wlan.o(.text.sl_WlanProfileDel)
    sl_WlanSet                               0x00002fc5   Thumb Code    56  wlan.o(.text.sl_WlanSet)
    sl_WlanSetMode                           0x00003001   Thumb Code    24  wlan.o(.text.sl_WlanSetMode)
    spi_Close                                0x0000301d   Thumb Code    10  spi.o(.text.spi_Close)
    spi_Open                                 0x00003029   Thumb Code   196  spi.o(.text.spi_Open)
    spi_Read                                 0x00003109   Thumb Code    76  spi.o(.text.spi_Read)
    spi_Write                                0x00003155   Thumb Code    72  spi.o(.text.spi_Write)
    FPUEnable                                0x000031d5   Thumb Code    12  fpu.o(i.FPUEnable)
    FPULazyStackingEnable                    0x000031e5   Thumb Code    12  fpu.o(i.FPULazyStackingEnable)
    GPIODirModeSet                           0x000031f5   Thumb Code    40  gpio.o(i.GPIODirModeSet)
    GPIOIntClear                             0x0000321d   Thumb Code     6  gpio.o(i.GPIOIntClear)
    GPIOIntDisable                           0x00003223   Thumb Code    14  gpio.o(i.GPIOIntDisable)
    GPIOIntEnable                            0x00003231   Thumb Code    14  gpio.o(i.GPIOIntEnable)
    GPIOIntStatus                            0x0000323f   Thumb Code    14  gpio.o(i.GPIOIntStatus)
    GPIOIntTypeSet                           0x0000324d   Thumb Code    80  gpio.o(i.GPIOIntTypeSet)
    GPIOPadConfigSet                         0x0000329d   Thumb Code   314  gpio.o(i.GPIOPadConfigSet)
    GPIOPinConfigure                         0x000033d9   Thumb Code    64  gpio.o(i.GPIOPinConfigure)
    GPIOPinTypeGPIOInput                     0x00003421   Thumb Code    28  gpio.o(i.GPIOPinTypeGPIOInput)
    GPIOPinTypeGPIOOutput                    0x0000343d   Thumb Code    28  gpio.o(i.GPIOPinTypeGPIOOutput)
    GPIOPinTypeSSI                           0x00003459   Thumb Code    28  gpio.o(i.GPIOPinTypeSSI)
    GPIOPinWrite                             0x00003475   Thumb Code     6  gpio.o(i.GPIOPinWrite)
    IntEnable                                0x0000347d   Thumb Code    92  interrupt.o(i.IntEnable)
    IntMasterEnable                          0x000034e1   Thumb Code    14  interrupt.o(i.IntMasterEnable)
    SSIConfigSetExpClk                       0x000034ef   Thumb Code    74  ssi.o(i.SSIConfigSetExpClk)
    SSIDataGetNonBlocking                    0x00003539   Thumb Code    20  ssi.o(i.SSIDataGetNonBlocking)
    SSIDataPutNonBlocking                    0x0000354d   Thumb Code    16  ssi.o(i.SSIDataPutNonBlocking)
    SSIEnable                                0x0000355d   Thumb Code    10  ssi.o(i.SSIEnable)
    SysCtlClockGet                           0x00003569   Thumb Code   314  sysctl.o(i.SysCtlClockGet)
    SysCtlClockSet                           0x000036cd   Thumb Code   270  sysctl.o(i.SysCtlClockSet)
    SysCtlPeripheralEnable                   0x000037ed   Thumb Code    36  sysctl.o(i.SysCtlPeripheralEnable)
    __scatterload_copy                       0x00003815   Thumb Code    14  handlers.o(i.__scatterload_copy)
    __scatterload_null                       0x00003823   Thumb Code     2  handlers.o(i.__scatterload_null)
    __scatterload_zeroinit                   0x00003825   Thumb Code    14  handlers.o(i.__scatterload_zeroinit)
    _SlActionLookupTable                     0x00004290   Data          56  driver.o(.rodata._SlActionLookupTable)
    _SlDeviceGetCmdCtrl                      0x000042c8   Data           4  device.o(.rodata._SlDeviceGetCmdCtrl)
    _SlGetHostByNameCtrl                     0x000042cc   Data           4  netapp.o(.rodata._SlGetHostByNameCtrl)
    _SlNetAppSendTokenValueCmdCtrl           0x000042d0   Data           4  netapp.o(.rodata._SlNetAppSendTokenValueCmdCtrl)
    _SlNetCfgSetCmdCtrl                      0x000042d4   Data           4  netcfg.o(.rodata._SlNetCfgSetCmdCtrl)
    _SlPolicySetCmdCtrl                      0x000042d8   Data           4  wlan.o(.rodata._SlPolicySetCmdCtrl)
    _SlProfileDelCmdCtrl                     0x000042dc   Data           4  wlan.o(.rodata._SlProfileDelCmdCtrl)
    _SlRecvCmdCtrl                           0x000042e0   Data           4  socket.o(.rodata._SlRecvCmdCtrl)
    _SlRegisterServiceCtrl                   0x000042e4   Data           4  netapp.o(.rodata._SlRegisterServiceCtrl)
    _SlSendCmdCtrl                           0x000042e8   Data           4  socket.o(.rodata._SlSendCmdCtrl)
    _SlSockCloseCmdCtrl                      0x000042ec   Data           4  socket.o(.rodata._SlSockCloseCmdCtrl)
    _SlSockSocketCmdCtrl                     0x000042f0   Data           4  socket.o(.rodata._SlSockSocketCmdCtrl)
    _SlStopCmdCtrl                           0x000042f4   Data           4  device.o(.rodata._SlStopCmdCtrl)
    _SlWlanCfgSetCmdCtrl                     0x000042f8   Data           4  wlan.o(.rodata._SlWlanCfgSetCmdCtrl)
    _SlWlanSetModeCmdCtrl                    0x000042fc   Data           4  wlan.o(.rodata._SlWlanSetModeCmdCtrl)
    cloudy                                   0x00004300   Data        3200  st7735main.o(.rodata.cloudy)
    g_H2NCnysPattern                         0x00004f80   Data           8  driver.o(.rodata.g_H2NCnysPattern)
    g_H2NSyncPattern                         0x00004f88   Data           8  driver.o(.rodata.g_H2NSyncPattern)
    rainy                                    0x00004f9c   Data        3200  st7735main.o(.rodata.rainy)
    sun                                      0x00005d6a   Data        3200  st7735main.o(.rodata.sun)
    Region$$Table$$Base                      0x000069ec   Number         0  anon$$obj.o(Region$$Table)
    Region$$Table$$Limit                     0x00006a0c   Number         0  anon$$obj.o(Region$$Table)
    StTextColor                              0x20000000   Data           2  st7735.o(.data.StTextColor)
    StX                                      0x20000010   Data           4  st7735.o(.bss..L_MergedGlobals)
    StY                                      0x20000014   Data           4  st7735.o(.bss..L_MergedGlobals)
    Messageindex                             0x20000018   Data           4  st7735.o(.bss..L_MergedGlobals)
    Ymax                                     0x2000001c   Data           4  st7735.o(.bss..L_MergedGlobals)
    Ymin                                     0x20000020   Data           4  st7735.o(.bss..L_MergedGlobals)
    Yrange                                   0x20000024   Data           4  st7735.o(.bss..L_MergedGlobals)
    X                                        0x20000028   Data           4  st7735.o(.bss..L_MergedGlobals)
    lastj                                    0x2000002c   Data           4  st7735.o(.bss..L_MergedGlobals)
    Message                                  0x20000030   Data          12  st7735.o(.bss..L_MergedGlobals)
    g_Status                                 0x20000058   Data           4  st7735main.o(.bss..L_MergedGlobals)
    DestinationIP                            0x2000005c   Data           4  st7735main.o(.bss..L_MergedGlobals)
    SockID                                   0x20000060   Data           4  st7735main.o(.bss..L_MergedGlobals)
    HostName                                 0x20000064   Data          40  st7735main.o(.bss..L_MergedGlobals)
    Recvbuff                                 0x2000008c   Data        1024  st7735main.o(.bss.Recvbuff)
    SendBuff                                 0x2000048c   Data         512  st7735main.o(.bss.SendBuff)
    g_StatMem                                0x2000068c   Data         356  driver.o(.bss.g_StatMem)
    g__SlNonOsCB                             0x200007f0   Data          40  nonos.o(.bss.g__SlNonOsCB)
    g_pCB                                    0x20000818   Data           4  driver.o(.bss.g_pCB)
    pIrqEventHandler                         0x20000c9c   Data           4  board.o(.bss.pIrqEventHandler)
    pPingCallBackFunc                        0x20000ca0   Data           4  driver.o(.bss.pPingCallBackFunc)
    __initial_sp                             0x20004ca8   Data           0  startup_rvmdk.o(STACK)



==============================================================================

Memory Map of the image

  Image Entry point : 0x0000026d

  Load Region LR_IROM (Base: 0x00000000, Size: 0x00006a18, Max: 0x00040000, ABSOLUTE)

    Execution Region ER_IROM (Exec base: 0x00000000, Load base: 0x00000000, Size: 0x00006a0c, Max: 0x00040000, ABSOLUTE)

    Exec Addr    Load Addr    Size         Type   Attr      Idx    E Section Name        Object

    0x00000000   0x00000000   0x00000288   Code   RO          437  * RESET               startup_rvmdk.o
    0x00000288   0x00000288   0x00000000   Code   RO         1871  * .ARM.Collect$$$$00000000  mc_w.l(entry.o)
    0x00000288   0x00000288   0x00000004   Code   RO         1884    .ARM.Collect$$$$00000001  mc_w.l(entry2.o)
    0x0000028c   0x0000028c   0x00000004   Code   RO         1887    .ARM.Collect$$$$00000004  mc_w.l(entry5.o)
    0x00000290   0x00000290   0x00000000   Code   RO         1889    .ARM.Collect$$$$00000008  mc_w.l(entry7b.o)
    0x00000290   0x00000290   0x00000000   Code   RO         1891    .ARM.Collect$$$$0000000A  mc_w.l(entry8b.o)
    0x00000290   0x00000290   0x00000008   Code   RO         1892    .ARM.Collect$$$$0000000B  mc_w.l(entry9a.o)
    0x00000298   0x00000298   0x00000000   Code   RO         1894    .ARM.Collect$$$$0000000D  mc_w.l(entry10a.o)
    0x00000298   0x00000298   0x00000000   Code   RO         1896    .ARM.Collect$$$$0000000F  mc_w.l(entry11a.o)
    0x00000298   0x00000298   0x00000004   Code   RO         1885    .ARM.Collect$$$$00002712  mc_w.l(entry2.o)
    0x0000029c   0x0000029c   0x00000006   Code   RO         1519    .emb_text           driverlib.lib(sysctl.o)
    0x000002a2   0x000002a2   0x00000002   PAD
    0x000002a4   0x000002a4   0x00000026   Code   RO         1861    .emb_text           driverlib.lib(cpu.o)
    0x000002ca   0x000002ca   0x00000024   Code   RO         1874    .text               mc_w.l(memcpya.o)
    0x000002ee   0x000002ee   0x00000024   Code   RO         1876    .text               mc_w.l(memseta.o)
    0x00000312   0x00000312   0x00000024   Code   RO         1878    .text               mc_w.l(strstr.o)
    0x00000336   0x00000336   0x0000000e   Code   RO         1880    .text               mc_w.l(strlen.o)
    0x00000344   0x00000344   0x00000030   Code   RO         1898    .text               mc_w.l(init.o)
    0x00000374   0x00000374   0x00000018   Code   RO           38    .text.Board_Input   led.o
    0x0000038c   0x0000038c   0x00000008   Code   RO           14    .text.CC3100_InterruptDisable  board.o
    0x00000394   0x00000394   0x00000008   Code   RO           12    .text.CC3100_InterruptEnable  board.o
    0x0000039c   0x0000039c   0x0000000c   Code   RO            8    .text.CC3100_disable  board.o
    0x000003a8   0x000003a8   0x00000010   Code   RO           10    .text.CC3100_enable  board.o
    0x000003b8   0x000003b8   0x00000006   Code   RO          824    .text.Crash         st7735main.o
    0x000003be   0x000003be   0x0000001e   Code   RO          549    .text.Delay1ms      st7735.o
    0x000003dc   0x000003dc   0x00000034   Code   RO           22    .text.GPIOB_intHandler  board.o
    0x00000410   0x00000410   0x00000044   Code   RO           63    .text.GetStartResponseConvert  device.o
    0x00000454   0x00000454   0x00000008   Code   RO           52    .text.LED_GreenOff  led.o
    0x0000045c   0x0000045c   0x0000000c   Code   RO           50    .text.LED_GreenOn   led.o
    0x00000468   0x00000468   0x0000004c   Code   RO           36    .text.LED_Init      led.o
    0x000004b4   0x000004b4   0x00000010   Code   RO           44    .text.LED_RedToggle  led.o
    0x000004c4   0x000004c4   0x00000028   Code   RO           83    .text.OUTLINED_FUNCTION_0  device.o
    0x000004ec   0x000004ec   0x00000006   Code   RO          148    .text.OUTLINED_FUNCTION_0  driver.o
    0x000004f2   0x000004f2   0x00000014   Code   RO          286    .text.OUTLINED_FUNCTION_0  netapp.o
    0x00000506   0x00000506   0x0000000e   Code   RO          389    .text.OUTLINED_FUNCTION_0  socket.o
    0x00000514   0x00000514   0x00000008   Code   RO          426    .text.OUTLINED_FUNCTION_0  spi.o
    0x0000051c   0x0000051c   0x00000006   Code   RO          482    .text.OUTLINED_FUNCTION_0  wlan.o
    0x00000522   0x00000522   0x0000000e   Code   RO          702    .text.OUTLINED_FUNCTION_0  uartstdio.o
    0x00000530   0x00000530   0x00000010   Code   RO           85    .text.OUTLINED_FUNCTION_1  device.o
    0x00000540   0x00000540   0x0000001c   Code   RO          150    .text.OUTLINED_FUNCTION_1  driver.o
    0x0000055c   0x0000055c   0x0000000e   Code   RO          288    .text.OUTLINED_FUNCTION_1  netapp.o
    0x0000056a   0x0000056a   0x00000016   Code   RO          391    .text.OUTLINED_FUNCTION_1  socket.o
    0x00000580   0x00000580   0x0000000e   Code   RO          645    .text.OUTLINED_FUNCTION_1  st7735.o
    0x0000058e   0x0000058e   0x0000000e   Code   RO          168    .text.OUTLINED_FUNCTION_10  driver.o
    0x0000059c   0x0000059c   0x0000000c   Code   RO          170    .text.OUTLINED_FUNCTION_11  driver.o
    0x000005a8   0x000005a8   0x00000006   Code   RO          172    .text.OUTLINED_FUNCTION_12  driver.o
    0x000005ae   0x000005ae   0x0000000c   Code   RO          174    .text.OUTLINED_FUNCTION_13  driver.o
    0x000005ba   0x000005ba   0x00000008   Code   RO          176    .text.OUTLINED_FUNCTION_14  driver.o
    0x000005c2   0x000005c2   0x0000000c   Code   RO          178    .text.OUTLINED_FUNCTION_15  driver.o
    0x000005ce   0x000005ce   0x0000000c   Code   RO          180    .text.OUTLINED_FUNCTION_16  driver.o
    0x000005da   0x000005da   0x0000000a   Code   RO          182    .text.OUTLINED_FUNCTION_17  driver.o
    0x000005e4   0x000005e4   0x0000000e   Code   RO          184    .text.OUTLINED_FUNCTION_18  driver.o
    0x000005f2   0x000005f2   0x0000000e   Code   RO          186    .text.OUTLINED_FUNCTION_19  driver.o
    0x00000600   0x00000600   0x00000010   Code   RO           87    .text.OUTLINED_FUNCTION_2  device.o
    0x00000610   0x00000610   0x00000008   Code   RO          152    .text.OUTLINED_FUNCTION_2  driver.o
    0x00000618   0x00000618   0x00000006   Code   RO          393    .text.OUTLINED_FUNCTION_2  socket.o
    0x0000061e   0x0000061e   0x0000000a   Code   RO           89    .text.OUTLINED_FUNCTION_3  device.o
    0x00000628   0x00000628   0x0000000c   Code   RO          154    .text.OUTLINED_FUNCTION_3  driver.o
    0x00000634   0x00000634   0x0000000a   Code   RO          395    .text.OUTLINED_FUNCTION_3  socket.o
    0x0000063e   0x0000063e   0x00000018   Code   RO          156    .text.OUTLINED_FUNCTION_4  driver.o
    0x00000656   0x00000656   0x0000000a   Code   RO          397    .text.OUTLINED_FUNCTION_4  socket.o
    0x00000660   0x00000660   0x0000000a   Code   RO          651    .text.OUTLINED_FUNCTION_4  st7735.o
    0x0000066a   0x0000066a   0x00000016   Code   RO          158    .text.OUTLINED_FUNCTION_5  driver.o
    0x00000680   0x00000680   0x00000016   Code   RO          160    .text.OUTLINED_FUNCTION_6  driver.o
    0x00000696   0x00000696   0x00000010   Code   RO          162    .text.OUTLINED_FUNCTION_7  driver.o
    0x000006a6   0x000006a6   0x0000000a   Code   RO          164    .text.OUTLINED_FUNCTION_8  driver.o
    0x000006b0   0x000006b0   0x0000000a   Code   RO          166    .text.OUTLINED_FUNCTION_9  driver.o
    0x000006ba   0x000006ba   0x00000002   PAD
    0x000006bc   0x000006bc   0x000000e8   Code   RO          589    .text.ST7735_DrawBitmap  st7735.o
    0x000007a4   0x000007a4   0x000000dc   Code   RO          591    .text.ST7735_DrawCharS  st7735.o
    0x00000880   0x00000880   0x00000048   Code   RO          567    .text.ST7735_DrawPixel  st7735.o
    0x000008c8   0x000008c8   0x0000004c   Code   RO          595    .text.ST7735_DrawString  st7735.o
    0x00000914   0x00000914   0x0000007c   Code   RO          583    .text.ST7735_FillRect  st7735.o
    0x00000990   0x00000990   0x00000024   Code   RO          557    .text.ST7735_FillScreen  st7735.o
    0x000009b4   0x000009b4   0x00000068   Code   RO          559    .text.ST7735_InitR  st7735.o
    0x00000a1c   0x00000a1c   0x000000a4   Code   RO          621    .text.ST7735_OutChar  st7735.o
    0x00000ac0   0x00000ac0   0x00000012   Code   RO          623    .text.ST7735_OutString  st7735.o
    0x00000ad2   0x00000ad2   0x00000002   PAD
    0x00000ad4   0x00000ad4   0x0000002c   Code   RO          832    .text.SimpleLinkHttpServerCallback  st7735main.o
    0x00000b00   0x00000b00   0x0000003c   Code   RO          830    .text.SimpleLinkNetAppEventHandler  st7735main.o
    0x00000b3c   0x00000b3c   0x000000b4   Code   RO          828    .text.SimpleLinkWlanEventHandler  st7735main.o
    0x00000bf0   0x00000bf0   0x00000068   Code   RO          680    .text.UARTPrimeTransmit  uartstdio.o
    0x00000c58   0x00000c58   0x00000128   Code   RO          700    .text.UARTStdioIntHandler  uartstdio.o
    0x00000d80   0x00000d80   0x00000064   Code   RO          820    .text.UART_Init     st7735main.o
    0x00000de4   0x00000de4   0x00000018   Code   RO          822    .text.UART_OutString  st7735main.o
    0x00000dfc   0x00000dfc   0x00000070   Code   RO          678    .text.UARTwrite     uartstdio.o
    0x00000e6c   0x00000e6c   0x00000234   Code   RO          140    .text._SlAsyncEventGenericHandler  driver.o
    0x000010a0   0x000010a0   0x00000022   Code   RO          144    .text._SlDrvBasicCmd  driver.o
    0x000010c2   0x000010c2   0x00000002   PAD
    0x000010c4   0x000010c4   0x00000084   Code   RO          136    .text._SlDrvClassifyRxMsg  driver.o
    0x00001148   0x00001148   0x00000038   Code   RO          116    .text._SlDrvCmdOp   driver.o
    0x00001180   0x00001180   0x00000020   Code   RO          122    .text._SlDrvCmdSend  driver.o
    0x000011a0   0x000011a0   0x0000010c   Code   RO          124    .text._SlDrvDataReadOp  driver.o
    0x000012ac   0x000012ac   0x000000e8   Code   RO          130    .text._SlDrvDataWriteOp  driver.o
    0x00001394   0x00001394   0x0000001a   Code   RO           81    .text._SlDrvDeviceEventHandler  device.o
    0x000013ae   0x000013ae   0x00000002   PAD
    0x000013b0   0x000013b0   0x00000060   Code   RO          108    .text._SlDrvDriverCBDeinit  driver.o
    0x00001410   0x00001410   0x00000078   Code   RO          104    .text._SlDrvDriverCBInit  driver.o
    0x00001488   0x00001488   0x00000028   Code   RO          204    .text._SlDrvFlowContDeinit  flowcont.o
    0x000014b0   0x000014b0   0x0000002c   Code   RO          202    .text._SlDrvFlowContInit  flowcont.o
    0x000014dc   0x000014dc   0x0000030c   Code   RO          132    .text._SlDrvMsgRead  driver.o
    0x000017e8   0x000017e8   0x00000098   Code   RO          120    .text._SlDrvMsgReadCmdCtx  driver.o
    0x00001880   0x00001880   0x0000007c   Code   RO          114    .text._SlDrvMsgReadSpawnCtx  driver.o
    0x000018fc   0x000018fc   0x000000d4   Code   RO          118    .text._SlDrvMsgWrite  driver.o
    0x000019d0   0x000019d0   0x000000d0   Code   RO          284    .text._SlDrvNetAppEventHandler  netapp.o
    0x00001aa0   0x00001aa0   0x00000034   Code   RO          106    .text._SlDrvObjInit  driver.o
    0x00001ad4   0x00001ad4   0x000000e0   Code   RO          128    .text._SlDrvReleasePoolObj  driver.o
    0x00001bb4   0x00001bb4   0x00000124   Code   RO          134    .text._SlDrvRxHdrRead  driver.o
    0x00001cd8   0x00001cd8   0x00000038   Code   RO          112    .text._SlDrvRxIrqHandler  driver.o
    0x00001d10   0x00001d10   0x00000016   Code   RO          142    .text._SlDrvShiftDWord  driver.o
    0x00001d26   0x00001d26   0x00000002   PAD
    0x00001d28   0x00001d28   0x000000dc   Code   RO          126    .text._SlDrvWaitForPoolObj  driver.o
    0x00001e04   0x00001e04   0x00000098   Code   RO          138    .text._SlFindAndSetActiveObj  driver.o
    0x00001e9c   0x00001e9c   0x00000038   Code   RO          326    .text._SlNonOsMainLoopTask  nonos.o
    0x00001ed4   0x00001ed4   0x00000030   Code   RO          324    .text._SlNonOsSemGet  nonos.o
    0x00001f04   0x00001f04   0x00000006   Code   RO          322    .text._SlNonOsSemSet  nonos.o
    0x00001f0a   0x00001f0a   0x00000002   PAD
    0x00001f0c   0x00001f0c   0x00000028   Code   RO          328    .text._SlNonOsSpawn  nonos.o
    0x00001f34   0x00001f34   0x00000044   Code   RO          146    .text._SlRemoveFromList  driver.o
    0x00001f78   0x00001f78   0x00000026   Code   RO          339    .text._sl_BuildAddress  socket.o
    0x00001f9e   0x00001f9e   0x00000002   PAD
    0x00001fa0   0x00001fa0   0x00000048   Code   RO          369    .text._sl_HandleAsync_Accept  socket.o
    0x00001fe8   0x00001fe8   0x00000048   Code   RO          357    .text._sl_HandleAsync_Connect  socket.o
    0x00002030   0x00002030   0x0000005c   Code   RO          270    .text._sl_HandleAsync_DnsGetHostByName  netapp.o
    0x0000208c   0x0000208c   0x00000054   Code   RO          264    .text._sl_HandleAsync_DnsGetHostByService  netapp.o
    0x000020e0   0x000020e0   0x00000040   Code   RO           67    .text._sl_HandleAsync_InitComplete  device.o
    0x00002120   0x00002120   0x00000074   Code   RO          274    .text._sl_HandleAsync_PingResponse  netapp.o
    0x00002194   0x00002194   0x00000038   Code   RO          387    .text._sl_HandleAsync_Select  socket.o
    0x000021cc   0x000021cc   0x00000024   Code   RO           69    .text._sl_HandleAsync_Stop  device.o
    0x000021f0   0x000021f0   0x0000004c   Code   RO          341    .text._sl_TruncatePayloadByProtocol  socket.o
    0x0000223c   0x0000223c   0x0000004a   Code   RO          561    .text.commandList   st7735.o
    0x00002286   0x00002286   0x00000002   PAD
    0x00002288   0x00002288   0x00000128   Code   RO          553    .text.commonInit    st7735.o
    0x000023b0   0x000023b0   0x00000018   Code   RO            2    .text.initClk       board.o
    0x000023c8   0x000023c8   0x000003b8   Code   RO          826    .text.main          st7735main.o
    0x00002780   0x00002780   0x00000014   Code   RO          571    .text.pushColor     st7735.o
    0x00002794   0x00002794   0x0000000c   Code   RO            6    .text.registerInterruptHandler  board.o
    0x000027a0   0x000027a0   0x0000006c   Code   RO          569    .text.setAddrWindow  st7735.o
    0x0000280c   0x0000280c   0x0000001c   Code   RO          347    .text.sl_Close      socket.o
    0x00002828   0x00002828   0x000000dc   Code   RO          355    .text.sl_Connect    socket.o
    0x00002904   0x00002904   0x0000006c   Code   RO           77    .text.sl_DevGet     device.o
    0x00002970   0x00002970   0x00000004   Code   RO          365    .text.sl_Htonl      socket.o
    0x00002974   0x00002974   0x00000004   Code   RO          367    .text.sl_Htons      socket.o
    0x00002978   0x00002978   0x000000dc   Code   RO          268    .text.sl_NetAppDnsGetHostByName  netapp.o
    0x00002a54   0x00002a54   0x00000084   Code   RO          256    .text.sl_NetAppMDNSRegisterUnregisterService  netapp.o
    0x00002ad8   0x00002ad8   0x00000014   Code   RO          260    .text.sl_NetAppMDNSUnRegisterService  netapp.o
    0x00002aec   0x00002aec   0x0000004c   Code   RO          280    .text.sl_NetAppSendTokenValue  netapp.o
    0x00002b38   0x00002b38   0x0000003c   Code   RO          308    .text.sl_NetCfgSet  netcfg.o
    0x00002b74   0x00002b74   0x00000040   Code   RO          371    .text.sl_Recv       socket.o
    0x00002bb4   0x00002bb4   0x0000009c   Code   RO          359    .text.sl_Send       socket.o
    0x00002c50   0x00002c50   0x00000030   Code   RO          345    .text.sl_Socket     socket.o
    0x00002c80   0x00002c80   0x000000a8   Code   RO           65    .text.sl_Start      device.o
    0x00002d28   0x00002d28   0x000000bc   Code   RO           71    .text.sl_Stop       device.o
    0x00002de4   0x00002de4   0x00000184   Code   RO          444    .text.sl_WlanConnect  wlan.o
    0x00002f68   0x00002f68   0x00000008   Code   RO          446    .text.sl_WlanDisconnect  wlan.o
    0x00002f70   0x00002f70   0x00000038   Code   RO          448    .text.sl_WlanPolicySet  wlan.o
    0x00002fa8   0x00002fa8   0x0000001c   Code   RO          456    .text.sl_WlanProfileDel  wlan.o
    0x00002fc4   0x00002fc4   0x0000003c   Code   RO          478    .text.sl_WlanSet    wlan.o
    0x00003000   0x00003000   0x0000001c   Code   RO          476    .text.sl_WlanSetMode  wlan.o
    0x0000301c   0x0000301c   0x0000000a   Code   RO          418    .text.spi_Close     spi.o
    0x00003026   0x00003026   0x00000002   PAD
    0x00003028   0x00003028   0x000000e0   Code   RO          420    .text.spi_Open      spi.o
    0x00003108   0x00003108   0x0000004c   Code   RO          424    .text.spi_Read      spi.o
    0x00003154   0x00003154   0x0000004c   Code   RO          422    .text.spi_Write     spi.o
    0x000031a0   0x000031a0   0x00000018   Code   RO          563    .text.writecommand  st7735.o
    0x000031b8   0x000031b8   0x0000001c   Code   RO          565    .text.writedata     st7735.o
    0x000031d4   0x000031d4   0x00000010   Code   RO          862    i.FPUEnable         driverlib.lib(fpu.o)
    0x000031e4   0x000031e4   0x00000010   Code   RO          865    i.FPULazyStackingEnable  driverlib.lib(fpu.o)
    0x000031f4   0x000031f4   0x00000028   Code   RO          939    i.GPIODirModeSet    driverlib.lib(gpio.o)
    0x0000321c   0x0000321c   0x00000006   Code   RO          940    i.GPIOIntClear      driverlib.lib(gpio.o)
    0x00003222   0x00003222   0x0000000e   Code   RO          941    i.GPIOIntDisable    driverlib.lib(gpio.o)
    0x00003230   0x00003230   0x0000000e   Code   RO          942    i.GPIOIntEnable     driverlib.lib(gpio.o)
    0x0000323e   0x0000323e   0x0000000e   Code   RO          944    i.GPIOIntStatus     driverlib.lib(gpio.o)
    0x0000324c   0x0000324c   0x00000050   Code   RO          946    i.GPIOIntTypeSet    driverlib.lib(gpio.o)
    0x0000329c   0x0000329c   0x0000013a   Code   RO          949    i.GPIOPadConfigSet  driverlib.lib(gpio.o)
    0x000033d6   0x000033d6   0x00000002   PAD
    0x000033d8   0x000033d8   0x00000048   Code   RO          950    i.GPIOPinConfigure  driverlib.lib(gpio.o)
    0x00003420   0x00003420   0x0000001c   Code   RO          959    i.GPIOPinTypeGPIOInput  driverlib.lib(gpio.o)
    0x0000343c   0x0000343c   0x0000001c   Code   RO          960    i.GPIOPinTypeGPIOOutput  driverlib.lib(gpio.o)
    0x00003458   0x00003458   0x0000001c   Code   RO          973    i.GPIOPinTypeSSI    driverlib.lib(gpio.o)
    0x00003474   0x00003474   0x00000006   Code   RO          981    i.GPIOPinWrite      driverlib.lib(gpio.o)
    0x0000347a   0x0000347a   0x00000002   PAD
    0x0000347c   0x0000347c   0x00000064   Code   RO         1255    i.IntEnable         driverlib.lib(interrupt.o)
    0x000034e0   0x000034e0   0x0000000e   Code   RO         1258    i.IntMasterEnable   driverlib.lib(interrupt.o)
    0x000034ee   0x000034ee   0x0000004a   Code   RO         1375    i.SSIConfigSetExpClk  driverlib.lib(ssi.o)
    0x00003538   0x00003538   0x00000014   Code   RO         1379    i.SSIDataGetNonBlocking  driverlib.lib(ssi.o)
    0x0000354c   0x0000354c   0x00000010   Code   RO         1381    i.SSIDataPutNonBlocking  driverlib.lib(ssi.o)
    0x0000355c   0x0000355c   0x0000000a   Code   RO         1383    i.SSIEnable         driverlib.lib(ssi.o)
    0x00003566   0x00003566   0x00000002   PAD
    0x00003568   0x00003568   0x00000164   Code   RO         1522    i.SysCtlClockGet    driverlib.lib(sysctl.o)
    0x000036cc   0x000036cc   0x00000120   Code   RO         1524    i.SysCtlClockSet    driverlib.lib(sysctl.o)
    0x000037ec   0x000037ec   0x00000028   Code   RO         1553    i.SysCtlPeripheralEnable  driverlib.lib(sysctl.o)
    0x00003814   0x00003814   0x0000000e   Code   RO         1902    i.__scatterload_copy  mc_w.l(handlers.o)
    0x00003822   0x00003822   0x00000002   Code   RO         1903    i.__scatterload_null  mc_w.l(handlers.o)
    0x00003824   0x00003824   0x0000000e   Code   RO         1904    i.__scatterload_zeroinit  mc_w.l(handlers.o)
    0x00003832   0x00003832   0x00000002   PAD
    0x00003834   0x00003834   0x00000210   Data   RO          982    .constdata          driverlib.lib(gpio.o)
    0x00003a44   0x00003a44   0x0000010c   Data   RO         1271    .constdata          driverlib.lib(interrupt.o)
    0x00003b50   0x00003b50   0x000001c4   Data   RO         1574    .constdata          driverlib.lib(sysctl.o)
    0x00003d14   0x00003d14   0x000004fb   Data   RO          661    .rodata.Font        st7735.o
    0x0000420f   0x0000420f   0x0000003b   Data   RO          657    .rodata.Rcmd1       st7735.o
    0x0000424a   0x0000424a   0x0000000d   Data   RO          658    .rodata.Rcmd2green  st7735.o
    0x00004257   0x00004257   0x0000000d   Data   RO          659    .rodata.Rcmd2red    st7735.o
    0x00004264   0x00004264   0x0000002b   Data   RO          660    .rodata.Rcmd3       st7735.o
    0x0000428f   0x0000428f   0x00000001   PAD
    0x00004290   0x00004290   0x00000038   Data   RO          192    .rodata._SlActionLookupTable  driver.o
    0x000042c8   0x000042c8   0x00000004   Data   RO           94    .rodata._SlDeviceGetCmdCtrl  device.o
    0x000042cc   0x000042cc   0x00000004   Data   RO          295    .rodata._SlGetHostByNameCtrl  netapp.o
    0x000042d0   0x000042d0   0x00000004   Data   RO          297    .rodata._SlNetAppSendTokenValueCmdCtrl  netapp.o
    0x000042d4   0x000042d4   0x00000004   Data   RO          312    .rodata._SlNetCfgSetCmdCtrl  netcfg.o
    0x000042d8   0x000042d8   0x00000004   Data   RO          484    .rodata._SlPolicySetCmdCtrl  wlan.o
    0x000042dc   0x000042dc   0x00000004   Data   RO          487    .rodata._SlProfileDelCmdCtrl  wlan.o
    0x000042e0   0x000042e0   0x00000004   Data   RO          405    .rodata._SlRecvCmdCtrl  socket.o
    0x000042e4   0x000042e4   0x00000004   Data   RO          293    .rodata._SlRegisterServiceCtrl  netapp.o
    0x000042e8   0x000042e8   0x00000004   Data   RO          402    .rodata._SlSendCmdCtrl  socket.o
    0x000042ec   0x000042ec   0x00000004   Data   RO          400    .rodata._SlSockCloseCmdCtrl  socket.o
    0x000042f0   0x000042f0   0x00000004   Data   RO          399    .rodata._SlSockSocketCmdCtrl  socket.o
    0x000042f4   0x000042f4   0x00000004   Data   RO           91    .rodata._SlStopCmdCtrl  device.o
    0x000042f8   0x000042f8   0x00000004   Data   RO          494    .rodata._SlWlanCfgSetCmdCtrl  wlan.o
    0x000042fc   0x000042fc   0x00000004   Data   RO          493    .rodata._SlWlanSetModeCmdCtrl  wlan.o
    0x00004300   0x00004300   0x00000c80   Data   RO          840    .rodata.cloudy      st7735main.o
    0x00004f80   0x00004f80   0x00000008   Data   RO          191    .rodata.g_H2NCnysPattern  driver.o
    0x00004f88   0x00004f88   0x00000008   Data   RO          190    .rodata.g_H2NSyncPattern  driver.o
    0x00004f90   0x00004f90   0x0000000c   Data   RO          704    .rodata.g_ui32UARTInt  uartstdio.o
    0x00004f9c   0x00004f9c   0x00000c80   Data   RO          839    .rodata.rainy       st7735main.o
    0x00005c1c   0x00005c1c   0x000000ab   Data   RO          848    .rodata.str1.1      st7735main.o
    0x00005cc7   0x00005cc7   0x00000001   PAD
    0x00005cc8   0x00005cc8   0x000000a2   Data   RO          850    .rodata.str1.4      st7735main.o
    0x00005d6a   0x00005d6a   0x00000c80   Data   RO          841    .rodata.sun         st7735main.o
    0x000069ea   0x000069ea   0x00000002   PAD
    0x000069ec   0x000069ec   0x00000020   Data   RO         1901    Region$$Table       anon$$obj.o


    Execution Region RW_IRAM (Exec base: 0x20000000, Load base: 0x00006a10, Size: 0x00004ca8, Max: 0x00008000, ABSOLUTE)

    Exec Addr    Load Addr    Size         Type   Attr      Idx    E Section Name        Object

    0x20000000   0x00006a10   0x00000002   Data   RW          655    .data.StTextColor   st7735.o
    0x20000002   0x00006a12   0x00000006   PAD
    0x20000008        -       0x00000034   Zero   RW          663    .bss..L_MergedGlobals  st7735.o
    0x2000003c        -       0x0000001c   Zero   RW          707    .bss..L_MergedGlobals  uartstdio.o
    0x20000058        -       0x00000034   Zero   RW          853    .bss..L_MergedGlobals  st7735main.o
    0x2000008c        -       0x00000400   Zero   RW          851    .bss.Recvbuff       st7735main.o
    0x2000048c        -       0x00000200   Zero   RW          849    .bss.SendBuff       st7735main.o
    0x2000068c        -       0x00000164   Zero   RW          193    .bss.g_StatMem      driver.o
    0x200007f0        -       0x00000028   Zero   RW          330    .bss.g__SlNonOsCB   nonos.o
    0x20000818        -       0x00000004   Zero   RW          188    .bss.g_pCB          driver.o
    0x2000081c        -       0x00000080   Zero   RW          706    .bss.g_pcUARTRxBuffer  uartstdio.o
    0x2000089c        -       0x00000400   Zero   RW          705    .bss.g_pcUARTTxBuffer  uartstdio.o
    0x20000c9c        -       0x00000004   Zero   RW           26    .bss.pIrqEventHandler  board.o
    0x20000ca0        -       0x00000004   Zero   RW          189    .bss.pPingCallBackFunc  driver.o
    0x20000ca4   0x00006a12   0x00000004   PAD
    0x20000ca8        -       0x00004000   Zero   RW          435    STACK               startup_rvmdk.o


==============================================================================

Image component sizes


      Code (inc. data)   RO Data    RW Data    ZI Data      Debug   Object Name

       132         20          0          0          4       2555   board.o
       740         36          8          0          0       8244   device.o
      4160         98         72          0        364      23822   driver.o
        84          4          0          0          0        949   flowcont.o
       136         28          0          0          0       1253   led.o
       982         36         12          0          0      16783   netapp.o
        60          4          4          0          0       2503   netcfg.o
       150          4          0          0         40       2230   nonos.o
       900         64         16          0          0      18503   socket.o
       394         32          0          0          0       1868   spi.o
      1650        124       1403          2         52      17438   st7735.o
      1366        364       9933          0       1588       9736   st7735main.o
       648        622          0          0      16384        296   startup_rvmdk.o
       526         36         12          0       1180       8905   uartstdio.o
       574         20         16          0          0      17279   wlan.o

    ----------------------------------------------------------------------
     12520       1492      11512          4      19620     132364   Object Totals
         0          0         32          0          0          0   (incl. Generated)
        18          0          4          2          8          0   (incl. Padding)

    ----------------------------------------------------------------------

      Code (inc. data)   RO Data    RW Data    ZI Data      Debug   Library Member Name

        38          0          0          0          0        504   cpu.o
        32          8          0          0          0       4992   fpu.o
       644          8        528          0          0       6811   gpio.o
       114          8        268          0          0       1774   interrupt.o
       120          0          0          0          0       2749   ssi.o
       690         64        452          0          0       3951   sysctl.o
         0          0          0          0          0          0   entry.o
         0          0          0          0          0          0   entry10a.o
         0          0          0          0          0          0   entry11a.o
         8          4          0          0          0          0   entry2.o
         4          0          0          0          0          0   entry5.o
         0          0          0          0          0          0   entry7b.o
         0          0          0          0          0          0   entry8b.o
         8          4          0          0          0          0   entry9a.o
        30          0          0          0          0          0   handlers.o
        48         10          0          0          0         68   init.o
        36          0          0          0          0         68   memcpya.o
        36          0          0          0          0        108   memseta.o
        14          0          0          0          0         68   strlen.o
        36          0          0          0          0         80   strstr.o

    ----------------------------------------------------------------------
      1868        106       1248          0          0      21173   Library Totals
        10          0          0          0          0          0   (incl. Padding)

    ----------------------------------------------------------------------

      Code (inc. data)   RO Data    RW Data    ZI Data      Debug   Library Name

      1638         88       1248          0          0      20781   driverlib.lib
       220         18          0          0          0        392   mc_w.l

    ----------------------------------------------------------------------
      1868        106       1248          0          0      21173   Library Totals

    ----------------------------------------------------------------------

==============================================================================


      Code (inc. data)   RO Data    RW Data    ZI Data      Debug   

     14388       1598      12760          4      19620     151477   Grand Totals
     14388       1598      12760          4      19620     151477   ELF Image Totals
     14388       1598      12760          4          0          0   ROM Totals

==============================================================================

    Total RO  Size (Code + RO Data)                27148 (  26.51kB)
    Total RW  Size (RW Data + ZI Data)             19624 (  19.16kB)
    Total ROM Size (Code + RO Data + RW Data)      27152 (  26.52kB)

==============================================================================

